Archive member included because of file (symbol)

../sopc_final_bsp/\libhal_bsp.a(alt_load.o)
                              ../sopc_final_bsp//obj/HAL/src/crt0.o (alt_load)
../sopc_final_bsp/\libhal_bsp.a(alt_main.o)
                              ../sopc_final_bsp//obj/HAL/src/crt0.o (alt_main)
../sopc_final_bsp/\libhal_bsp.a(alt_putstr.o)
                              obj/hello_world_small.o (alt_putstr)
../sopc_final_bsp/\libhal_bsp.a(alt_sys_init.o)
                              ../sopc_final_bsp/\libhal_bsp.a(alt_main.o) (alt_sys_init)
../sopc_final_bsp/\libhal_bsp.a(altera_avalon_jtag_uart_write.o)
                              ../sopc_final_bsp/\libhal_bsp.a(alt_putstr.o) (altera_avalon_jtag_uart_write)
../sopc_final_bsp/\libhal_bsp.a(alt_dcache_flush_all.o)
                              ../sopc_final_bsp/\libhal_bsp.a(alt_load.o) (alt_dcache_flush_all)
../sopc_final_bsp/\libhal_bsp.a(alt_icache_flush_all.o)
                              ../sopc_final_bsp/\libhal_bsp.a(alt_load.o) (alt_icache_flush_all)
../sopc_final_bsp/\libhal_bsp.a(altera_nios2_irq.o)
                              ../sopc_final_bsp/\libhal_bsp.a(alt_sys_init.o) (altera_nios2_irq_init)
c:/altera/11.0sp1/nios2eds/bin/gnu/h-i686-mingw32/bin/../lib/gcc/nios2-elf/4.1.2/../../../../nios2-elf/lib/mno-hw-mul\libsmallc.a(lib_a-strlen.o)
                              ../sopc_final_bsp/\libhal_bsp.a(alt_putstr.o) (strlen)

Memory Configuration

Name             Origin             Length             Attributes
reset            0x00008000         0x00000020
onchip_memory2_0 0x00008020         0x00004e00
*default*        0x00000000         0xffffffff

Linker script and memory map

LOAD ../sopc_final_bsp//obj/HAL/src/crt0.o
                0x0000800c                exit = _exit
LOAD obj/hello_world_small.o
LOAD c:/altera/11.0sp1/nios2eds/bin/gnu/h-i686-mingw32/bin/../lib/gcc/nios2-elf/4.1.2/../../../../nios2-elf/lib/mno-hw-mul\libstdc++.a
LOAD c:/altera/11.0sp1/nios2eds/bin/gnu/h-i686-mingw32/bin/../lib/gcc/nios2-elf/4.1.2/../../../../nios2-elf/lib/mno-hw-mul\libm.a
LOAD c:/altera/11.0sp1/nios2eds/bin/gnu/h-i686-mingw32/bin/../lib/gcc/nios2-elf/4.1.2/mno-hw-mul\libgcc.a
START GROUP
LOAD c:/altera/11.0sp1/nios2eds/bin/gnu/h-i686-mingw32/bin/../lib/gcc/nios2-elf/4.1.2/../../../../nios2-elf/lib/mno-hw-mul\libsmallc.a
LOAD c:/altera/11.0sp1/nios2eds/bin/gnu/h-i686-mingw32/bin/../lib/gcc/nios2-elf/4.1.2/mno-hw-mul\libgcc.a
LOAD ../sopc_final_bsp/\libhal_bsp.a
END GROUP
LOAD c:/altera/11.0sp1/nios2eds/bin/gnu/h-i686-mingw32/bin/../lib/gcc/nios2-elf/4.1.2/mno-hw-mul\libgcc.a
                0x00008000                __alt_mem_onchip_memory2_0 = 0x8000

.entry          0x00008000       0x20
 *(.entry)
 .entry         0x00008000       0x20 ../sopc_final_bsp//obj/HAL/src/crt0.o
                0x00008000                __reset
                0x0000800c                _exit

.exceptions     0x00008020        0x0
                0x00008020                PROVIDE (__ram_exceptions_start, ABSOLUTE (.))
                0x00008020                . = ALIGN (0x20)
 *(.irq)
 *(.exceptions.entry.label)
 *(.exceptions.entry.user)
 *(.exceptions.entry)
 *(.exceptions.irqtest.user)
 *(.exceptions.irqtest)
 *(.exceptions.irqhandler.user)
 *(.exceptions.irqhandler)
 *(.exceptions.irqreturn.user)
 *(.exceptions.irqreturn)
 *(.exceptions.notirq.label)
 *(.exceptions.notirq.user)
 *(.exceptions.notirq)
 *(.exceptions.soft.user)
 *(.exceptions.soft)
 *(.exceptions.unknown.user)
 *(.exceptions.unknown)
 *(.exceptions.exit.label)
 *(.exceptions.exit.user)
 *(.exceptions.exit)
 *(.exceptions)
                0x00008020                PROVIDE (__ram_exceptions_end, ABSOLUTE (.))
                0x00008020                PROVIDE (__flash_exceptions_start, LOADADDR (.exceptions))

.text           0x00008020      0x25c
                0x00008020                PROVIDE (stext, ABSOLUTE (.))
 *(.interp)
 *(.hash)
 *(.dynsym)
 *(.dynstr)
 *(.gnu.version)
 *(.gnu.version_d)
 *(.gnu.version_r)
 *(.rel.init)
 *(.rela.init)
 *(.rel.text .rel.text.* .rel.gnu.linkonce.t.*)
 *(.rela.text .rela.text.* .rela.gnu.linkonce.t.*)
 *(.rel.fini)
 *(.rela.fini)
 *(.rel.rodata .rel.rodata.* .rel.gnu.linkonce.r.*)
 *(.rela.rodata .rela.rodata.* .rela.gnu.linkonce.r.*)
 *(.rel.data .rel.data.* .rel.gnu.linkonce.d.*)
 *(.rela.data .rela.data.* .rela.gnu.linkonce.d.*)
 *(.rel.tdata .rel.tdata.* .rel.gnu.linkonce.td.*)
 *(.rela.tdata .rela.tdata.* .rela.gnu.linkonce.td.*)
 *(.rel.tbss .rel.tbss.* .rel.gnu.linkonce.tb.*)
 *(.rela.tbss .rela.tbss.* .rela.gnu.linkonce.tb.*)
 *(.rel.ctors)
 *(.rela.ctors)
 *(.rel.dtors)
 *(.rela.dtors)
 *(.rel.got)
 *(.rela.got)
 *(.rel.sdata .rel.sdata.* .rel.gnu.linkonce.s.*)
 *(.rela.sdata .rela.sdata.* .rela.gnu.linkonce.s.*)
 *(.rel.sbss .rel.sbss.* .rel.gnu.linkonce.sb.*)
 *(.rela.sbss .rela.sbss.* .rela.gnu.linkonce.sb.*)
 *(.rel.sdata2 .rel.sdata2.* .rel.gnu.linkonce.s2.*)
 *(.rela.sdata2 .rela.sdata2.* .rela.gnu.linkonce.s2.*)
 *(.rel.sbss2 .rel.sbss2.* .rel.gnu.linkonce.sb2.*)
 *(.rela.sbss2 .rela.sbss2.* .rela.gnu.linkonce.sb2.*)
 *(.rel.bss .rel.bss.* .rel.gnu.linkonce.b.*)
 *(.rela.bss .rela.bss.* .rela.gnu.linkonce.b.*)
 *(.rel.plt)
 *(.rela.plt)
 *(.rel.dyn)
 *(.init)
 *(.plt)
 *(.text .stub .text.* .gnu.linkonce.t.*)
 .text          0x00008020       0x3c ../sopc_final_bsp//obj/HAL/src/crt0.o
                0x00008020                _start
 .text          0x0000805c       0xa8 obj/hello_world_small.o
                0x0000805c                main
 .text          0x00008104       0x8c ../sopc_final_bsp/\libhal_bsp.a(alt_load.o)
                0x00008124                alt_load
 .text          0x00008190       0x2c ../sopc_final_bsp/\libhal_bsp.a(alt_main.o)
                0x00008190                alt_main
 .text          0x000081bc       0x38 ../sopc_final_bsp/\libhal_bsp.a(alt_putstr.o)
                0x000081bc                alt_putstr
 .text          0x000081f4       0x24 ../sopc_final_bsp/\libhal_bsp.a(alt_sys_init.o)
                0x000081f4                alt_sys_init
                0x000081f8                alt_irq_init
 .text          0x00008218       0x34 ../sopc_final_bsp/\libhal_bsp.a(altera_avalon_jtag_uart_write.o)
                0x00008218                altera_avalon_jtag_uart_write
 .text          0x0000824c        0x4 ../sopc_final_bsp/\libhal_bsp.a(alt_dcache_flush_all.o)
                0x0000824c                alt_dcache_flush_all
 .text          0x00008250        0x4 ../sopc_final_bsp/\libhal_bsp.a(alt_icache_flush_all.o)
                0x00008250                alt_icache_flush_all
 .text          0x00008254        0x8 ../sopc_final_bsp/\libhal_bsp.a(altera_nios2_irq.o)
                0x00008254                altera_nios2_irq_init
 .text          0x0000825c       0x20 c:/altera/11.0sp1/nios2eds/bin/gnu/h-i686-mingw32/bin/../lib/gcc/nios2-elf/4.1.2/../../../../nios2-elf/lib/mno-hw-mul\libsmallc.a(lib_a-strlen.o)
                0x0000825c                strlen
 *(.gnu.warning.*)
 *(.fini)
                0x0000827c                PROVIDE (__etext, ABSOLUTE (.))
                0x0000827c                PROVIDE (_etext, ABSOLUTE (.))
                0x0000827c                PROVIDE (etext, ABSOLUTE (.))
 *(.eh_frame_hdr)
                0x0000827c                . = ALIGN (0x4)
                0x0000827c                PROVIDE (__preinit_array_start, ABSOLUTE (.))
 *(.preinit_array)
                0x0000827c                PROVIDE (__preinit_array_end, ABSOLUTE (.))
                0x0000827c                PROVIDE (__init_array_start, ABSOLUTE (.))
 *(.init_array)
                0x0000827c                PROVIDE (__init_array_end, ABSOLUTE (.))
                0x0000827c                PROVIDE (__fini_array_start, ABSOLUTE (.))
 *(.fini_array)
                0x0000827c                PROVIDE (__fini_array_end, ABSOLUTE (.))
 *(.eh_frame)
 *(.gcc_except_table)
 *(.dynamic)
                0x0000827c                PROVIDE (__CTOR_LIST__, ABSOLUTE (.))
 *(.ctors)
 *(SORT(.ctors.*))
                0x0000827c                PROVIDE (__CTOR_END__, ABSOLUTE (.))
                0x0000827c                PROVIDE (__DTOR_LIST__, ABSOLUTE (.))
 *(.dtors)
 *(SORT(.dtors.*))
                0x0000827c                PROVIDE (__DTOR_END__, ABSOLUTE (.))
 *(.jcr)
                0x0000827c                . = ALIGN (0x4)

.rodata         0x0000827c       0x54
                0x0000827c                PROVIDE (__ram_rodata_start, ABSOLUTE (.))
                0x0000827c                . = ALIGN (0x4)
 *(.rodata .rodata.* .gnu.linkonce.r.*)
 .rodata.str1.4
                0x0000827c       0x54 obj/hello_world_small.o
 *(.rodata1)
                0x000082d0                . = ALIGN (0x4)
                0x000082d0                PROVIDE (__ram_rodata_end, ABSOLUTE (.))
                0x0000827c                PROVIDE (__flash_rodata_start, LOADADDR (.rodata))

.rwdata         0x000082d0        0xc load address 0x000082dc
                0x000082d0                PROVIDE (__ram_rwdata_start, ABSOLUTE (.))
                0x000082d0                . = ALIGN (0x4)
 *(.got.plt)
 *(.got)
 *(.data1)
 *(.data .data.* .gnu.linkonce.d.*)
 .data          0x000082d0        0x0 ../sopc_final_bsp//obj/HAL/src/crt0.o
 .data          0x000082d0        0x0 obj/hello_world_small.o
 .data          0x000082d0        0x0 ../sopc_final_bsp/\libhal_bsp.a(alt_load.o)
 .data          0x000082d0        0x0 ../sopc_final_bsp/\libhal_bsp.a(alt_main.o)
 .data          0x000082d0        0x0 ../sopc_final_bsp/\libhal_bsp.a(alt_putstr.o)
 .data          0x000082d0        0x0 ../sopc_final_bsp/\libhal_bsp.a(alt_sys_init.o)
 .data          0x000082d0        0x0 ../sopc_final_bsp/\libhal_bsp.a(altera_avalon_jtag_uart_write.o)
 .data          0x000082d0        0x0 ../sopc_final_bsp/\libhal_bsp.a(alt_dcache_flush_all.o)
 .data          0x000082d0        0x0 ../sopc_final_bsp/\libhal_bsp.a(alt_icache_flush_all.o)
 .data          0x000082d0        0x0 ../sopc_final_bsp/\libhal_bsp.a(altera_nios2_irq.o)
 .data          0x000082d0        0x0 c:/altera/11.0sp1/nios2eds/bin/gnu/h-i686-mingw32/bin/../lib/gcc/nios2-elf/4.1.2/../../../../nios2-elf/lib/mno-hw-mul\libsmallc.a(lib_a-strlen.o)
                0x000102d0                _gp = ABSOLUTE ((. + 0x8000))
                0x000102d0                PROVIDE (gp, _gp)
 *(.rwdata .rwdata.*)
 *(.sdata .sdata.* .gnu.linkonce.s.*)
 .sdata         0x000082d0        0x8 obj/hello_world_small.o
                0x000082d0                switchs
                0x000082d4                leds
 .sdata         0x000082d8        0x4 ../sopc_final_bsp/\libhal_bsp.a(alt_sys_init.o)
                0x000082d8                jtag_uart_0
 *(.sdata2 .sdata2.* .gnu.linkonce.s2.*)
                0x000082dc                . = ALIGN (0x4)
                0x000082dc                _edata = ABSOLUTE (.)
                0x000082dc                PROVIDE (edata, ABSOLUTE (.))
                0x000082dc                PROVIDE (__ram_rwdata_end, ABSOLUTE (.))
                0x000082dc                PROVIDE (__flash_rwdata_start, LOADADDR (.rwdata))

.bss            0x000082e8        0xc
                0x000082e8                __bss_start = ABSOLUTE (.)
                0x000082e8                PROVIDE (__sbss_start, ABSOLUTE (.))
                0x000082e8                PROVIDE (___sbss_start, ABSOLUTE (.))
 *(.dynsbss)
 *(.sbss .sbss.* .gnu.linkonce.sb.*)
 .sbss          0x000082e8        0xc ../sopc_final_bsp/\libhal_bsp.a(alt_main.o)
                0x000082e8                alt_argc
                0x000082ec                alt_argv
                0x000082f0                alt_envp
 *(.sbss2 .sbss2.* .gnu.linkonce.sb2.*)
 *(.scommon)
                0x000082f4                PROVIDE (__sbss_end, ABSOLUTE (.))
                0x000082f4                PROVIDE (___sbss_end, ABSOLUTE (.))
 *(.dynbss)
 *(.bss .bss.* .gnu.linkonce.b.*)
 .bss           0x000082f4        0x0 ../sopc_final_bsp//obj/HAL/src/crt0.o
 .bss           0x000082f4        0x0 obj/hello_world_small.o
 .bss           0x000082f4        0x0 ../sopc_final_bsp/\libhal_bsp.a(alt_load.o)
 .bss           0x000082f4        0x0 ../sopc_final_bsp/\libhal_bsp.a(alt_main.o)
 .bss           0x000082f4        0x0 ../sopc_final_bsp/\libhal_bsp.a(alt_putstr.o)
 .bss           0x000082f4        0x0 ../sopc_final_bsp/\libhal_bsp.a(alt_sys_init.o)
 .bss           0x000082f4        0x0 ../sopc_final_bsp/\libhal_bsp.a(altera_avalon_jtag_uart_write.o)
 .bss           0x000082f4        0x0 ../sopc_final_bsp/\libhal_bsp.a(alt_dcache_flush_all.o)
 .bss           0x000082f4        0x0 ../sopc_final_bsp/\libhal_bsp.a(alt_icache_flush_all.o)
 .bss           0x000082f4        0x0 ../sopc_final_bsp/\libhal_bsp.a(altera_nios2_irq.o)
 .bss           0x000082f4        0x0 c:/altera/11.0sp1/nios2eds/bin/gnu/h-i686-mingw32/bin/../lib/gcc/nios2-elf/4.1.2/../../../../nios2-elf/lib/mno-hw-mul\libsmallc.a(lib_a-strlen.o)
 *(COMMON)
                0x000082f4                . = ALIGN (0x4)
                0x000082f4                __bss_end = ABSOLUTE (.)

.onchip_memory2_0
                0x000082f4        0x0
                0x000082f4                PROVIDE (_alt_partition_onchip_memory2_0_start, ABSOLUTE (.))
 *(.onchip_memory2_0. onchip_memory2_0.*)
                0x000082f4                . = ALIGN (0x4)
                0x000082f4                PROVIDE (_alt_partition_onchip_memory2_0_end, ABSOLUTE (.))
                0x000082f4                _end = ABSOLUTE (.)
                0x000082f4                end = ABSOLUTE (.)
                0x000082f4                __alt_stack_base = ABSOLUTE (.)
                0x000082f4                PROVIDE (_alt_partition_onchip_memory2_0_load_addr, LOADADDR (.onchip_memory2_0))

.stab
 *(.stab)

.stabstr
 *(.stabstr)

.stab.excl
 *(.stab.excl)

.stab.exclstr
 *(.stab.exclstr)

.stab.index
 *(.stab.index)

.stab.indexstr
 *(.stab.indexstr)

.comment        0x00000000       0x26
 *(.comment)
 .comment       0x00000000       0x26 obj/hello_world_small.o
                                 0x27 (size before relaxing)
 .comment       0x00000000       0x27 ../sopc_final_bsp/\libhal_bsp.a(alt_load.o)
 .comment       0x00000000       0x27 ../sopc_final_bsp/\libhal_bsp.a(alt_main.o)
 .comment       0x00000000       0x27 ../sopc_final_bsp/\libhal_bsp.a(alt_putstr.o)
 .comment       0x00000000       0x27 ../sopc_final_bsp/\libhal_bsp.a(alt_sys_init.o)
 .comment       0x00000000       0x27 ../sopc_final_bsp/\libhal_bsp.a(altera_avalon_jtag_uart_write.o)
 .comment       0x00000000       0x27 ../sopc_final_bsp/\libhal_bsp.a(alt_dcache_flush_all.o)
 .comment       0x00000000       0x27 ../sopc_final_bsp/\libhal_bsp.a(alt_icache_flush_all.o)
 .comment       0x00000000       0x27 ../sopc_final_bsp/\libhal_bsp.a(altera_nios2_irq.o)
 .comment       0x00000000       0x27 c:/altera/11.0sp1/nios2eds/bin/gnu/h-i686-mingw32/bin/../lib/gcc/nios2-elf/4.1.2/../../../../nios2-elf/lib/mno-hw-mul\libsmallc.a(lib_a-strlen.o)

.debug
 *(.debug)

.line
 *(.line)

.debug_srcinfo
 *(.debug_srcinfo)

.debug_sfnames
 *(.debug_sfnames)

.debug_aranges  0x00000000      0x168
 *(.debug_aranges)
 .debug_aranges
                0x00000000       0x28 ../sopc_final_bsp//obj/HAL/src/crt0.o
 .debug_aranges
                0x00000028       0x20 obj/hello_world_small.o
 .debug_aranges
                0x00000048       0x20 ../sopc_final_bsp/\libhal_bsp.a(alt_load.o)
 .debug_aranges
                0x00000068       0x20 ../sopc_final_bsp/\libhal_bsp.a(alt_main.o)
 .debug_aranges
                0x00000088       0x20 ../sopc_final_bsp/\libhal_bsp.a(alt_putstr.o)
 .debug_aranges
                0x000000a8       0x20 ../sopc_final_bsp/\libhal_bsp.a(alt_sys_init.o)
 .debug_aranges
                0x000000c8       0x20 ../sopc_final_bsp/\libhal_bsp.a(altera_avalon_jtag_uart_write.o)
 .debug_aranges
                0x000000e8       0x20 ../sopc_final_bsp/\libhal_bsp.a(alt_dcache_flush_all.o)
 .debug_aranges
                0x00000108       0x20 ../sopc_final_bsp/\libhal_bsp.a(alt_icache_flush_all.o)
 .debug_aranges
                0x00000128       0x20 ../sopc_final_bsp/\libhal_bsp.a(altera_nios2_irq.o)
 .debug_aranges
                0x00000148       0x20 c:/altera/11.0sp1/nios2eds/bin/gnu/h-i686-mingw32/bin/../lib/gcc/nios2-elf/4.1.2/../../../../nios2-elf/lib/mno-hw-mul\libsmallc.a(lib_a-strlen.o)

.debug_pubnames
                0x00000000      0x1cd
 *(.debug_pubnames)
 .debug_pubnames
                0x00000000       0x30 obj/hello_world_small.o
 .debug_pubnames
                0x00000030       0x1f ../sopc_final_bsp/\libhal_bsp.a(alt_load.o)
 .debug_pubnames
                0x0000004f       0x46 ../sopc_final_bsp/\libhal_bsp.a(alt_main.o)
 .debug_pubnames
                0x00000095       0x21 ../sopc_final_bsp/\libhal_bsp.a(alt_putstr.o)
 .debug_pubnames
                0x000000b6       0x44 ../sopc_final_bsp/\libhal_bsp.a(alt_sys_init.o)
 .debug_pubnames
                0x000000fa       0x34 ../sopc_final_bsp/\libhal_bsp.a(altera_avalon_jtag_uart_write.o)
 .debug_pubnames
                0x0000012e       0x2b ../sopc_final_bsp/\libhal_bsp.a(alt_dcache_flush_all.o)
 .debug_pubnames
                0x00000159       0x2b ../sopc_final_bsp/\libhal_bsp.a(alt_icache_flush_all.o)
 .debug_pubnames
                0x00000184       0x2c ../sopc_final_bsp/\libhal_bsp.a(altera_nios2_irq.o)
 .debug_pubnames
                0x000001b0       0x1d c:/altera/11.0sp1/nios2eds/bin/gnu/h-i686-mingw32/bin/../lib/gcc/nios2-elf/4.1.2/../../../../nios2-elf/lib/mno-hw-mul\libsmallc.a(lib_a-strlen.o)

.debug_info     0x00000000      0x9f6
 *(.debug_info .gnu.linkonce.wi.*)
 .debug_info    0x00000000       0x98 ../sopc_final_bsp//obj/HAL/src/crt0.o
 .debug_info    0x00000098       0xd1 obj/hello_world_small.o
 .debug_info    0x00000169      0x12e ../sopc_final_bsp/\libhal_bsp.a(alt_load.o)
 .debug_info    0x00000297      0x125 ../sopc_final_bsp/\libhal_bsp.a(alt_main.o)
 .debug_info    0x000003bc       0xc5 ../sopc_final_bsp/\libhal_bsp.a(alt_putstr.o)
 .debug_info    0x00000481      0x17d ../sopc_final_bsp/\libhal_bsp.a(alt_sys_init.o)
 .debug_info    0x000005fe      0x18f ../sopc_final_bsp/\libhal_bsp.a(altera_avalon_jtag_uart_write.o)
 .debug_info    0x0000078d       0x8d ../sopc_final_bsp/\libhal_bsp.a(alt_dcache_flush_all.o)
 .debug_info    0x0000081a       0x8d ../sopc_final_bsp/\libhal_bsp.a(alt_icache_flush_all.o)
 .debug_info    0x000008a7       0x8d ../sopc_final_bsp/\libhal_bsp.a(altera_nios2_irq.o)
 .debug_info    0x00000934       0xc2 c:/altera/11.0sp1/nios2eds/bin/gnu/h-i686-mingw32/bin/../lib/gcc/nios2-elf/4.1.2/../../../../nios2-elf/lib/mno-hw-mul\libsmallc.a(lib_a-strlen.o)

.debug_abbrev   0x00000000      0x52e
 *(.debug_abbrev)
 .debug_abbrev  0x00000000       0x12 ../sopc_final_bsp//obj/HAL/src/crt0.o
 .debug_abbrev  0x00000012       0x59 obj/hello_world_small.o
 .debug_abbrev  0x0000006b       0x97 ../sopc_final_bsp/\libhal_bsp.a(alt_load.o)
 .debug_abbrev  0x00000102       0xa6 ../sopc_final_bsp/\libhal_bsp.a(alt_main.o)
 .debug_abbrev  0x000001a8       0x7c ../sopc_final_bsp/\libhal_bsp.a(alt_putstr.o)
 .debug_abbrev  0x00000224       0xe3 ../sopc_final_bsp/\libhal_bsp.a(alt_sys_init.o)
 .debug_abbrev  0x00000307       0xf0 ../sopc_final_bsp/\libhal_bsp.a(altera_avalon_jtag_uart_write.o)
 .debug_abbrev  0x000003f7       0x3f ../sopc_final_bsp/\libhal_bsp.a(alt_dcache_flush_all.o)
 .debug_abbrev  0x00000436       0x3f ../sopc_final_bsp/\libhal_bsp.a(alt_icache_flush_all.o)
 .debug_abbrev  0x00000475       0x3f ../sopc_final_bsp/\libhal_bsp.a(altera_nios2_irq.o)
 .debug_abbrev  0x000004b4       0x7a c:/altera/11.0sp1/nios2eds/bin/gnu/h-i686-mingw32/bin/../lib/gcc/nios2-elf/4.1.2/../../../../nios2-elf/lib/mno-hw-mul\libsmallc.a(lib_a-strlen.o)

.debug_line     0x00000000     0x161b
 *(.debug_line)
 .debug_line    0x00000000       0x66 ../sopc_final_bsp//obj/HAL/src/crt0.o
 .debug_line    0x00000066      0x206 obj/hello_world_small.o
 .debug_line    0x0000026c      0x217 ../sopc_final_bsp/\libhal_bsp.a(alt_load.o)
 .debug_line    0x00000483      0x2c2 ../sopc_final_bsp/\libhal_bsp.a(alt_main.o)
 .debug_line    0x00000745      0x1d9 ../sopc_final_bsp/\libhal_bsp.a(alt_putstr.o)
 .debug_line    0x0000091e      0x286 ../sopc_final_bsp/\libhal_bsp.a(alt_sys_init.o)
 .debug_line    0x00000ba4      0x2f4 ../sopc_final_bsp/\libhal_bsp.a(altera_avalon_jtag_uart_write.o)
 .debug_line    0x00000e98      0x1b5 ../sopc_final_bsp/\libhal_bsp.a(alt_dcache_flush_all.o)
 .debug_line    0x0000104d      0x1b5 ../sopc_final_bsp/\libhal_bsp.a(alt_icache_flush_all.o)
 .debug_line    0x00001202      0x1c9 ../sopc_final_bsp/\libhal_bsp.a(altera_nios2_irq.o)
 .debug_line    0x000013cb      0x250 c:/altera/11.0sp1/nios2eds/bin/gnu/h-i686-mingw32/bin/../lib/gcc/nios2-elf/4.1.2/../../../../nios2-elf/lib/mno-hw-mul\libsmallc.a(lib_a-strlen.o)

.debug_frame    0x00000000      0x188
 *(.debug_frame)
 .debug_frame   0x00000000       0x28 obj/hello_world_small.o
 .debug_frame   0x00000028       0x38 ../sopc_final_bsp/\libhal_bsp.a(alt_load.o)
 .debug_frame   0x00000060       0x28 ../sopc_final_bsp/\libhal_bsp.a(alt_main.o)
 .debug_frame   0x00000088       0x28 ../sopc_final_bsp/\libhal_bsp.a(alt_putstr.o)
 .debug_frame   0x000000b0       0x38 ../sopc_final_bsp/\libhal_bsp.a(alt_sys_init.o)
 .debug_frame   0x000000e8       0x20 ../sopc_final_bsp/\libhal_bsp.a(altera_avalon_jtag_uart_write.o)
 .debug_frame   0x00000108       0x20 ../sopc_final_bsp/\libhal_bsp.a(alt_dcache_flush_all.o)
 .debug_frame   0x00000128       0x20 ../sopc_final_bsp/\libhal_bsp.a(alt_icache_flush_all.o)
 .debug_frame   0x00000148       0x20 ../sopc_final_bsp/\libhal_bsp.a(altera_nios2_irq.o)
 .debug_frame   0x00000168       0x20 c:/altera/11.0sp1/nios2eds/bin/gnu/h-i686-mingw32/bin/../lib/gcc/nios2-elf/4.1.2/../../../../nios2-elf/lib/mno-hw-mul\libsmallc.a(lib_a-strlen.o)

.debug_str      0x00000000      0x568
 *(.debug_str)
 .debug_str     0x00000000       0xf2 obj/hello_world_small.o
                                0x137 (size before relaxing)
 .debug_str     0x000000f2      0x158 ../sopc_final_bsp/\libhal_bsp.a(alt_load.o)
                                0x1ed (size before relaxing)
 .debug_str     0x0000024a       0x75 ../sopc_final_bsp/\libhal_bsp.a(alt_main.o)
                                0x171 (size before relaxing)
 .debug_str     0x000002bf       0x4c ../sopc_final_bsp/\libhal_bsp.a(alt_putstr.o)
                                0x148 (size before relaxing)
 .debug_str     0x0000030b       0x85 ../sopc_final_bsp/\libhal_bsp.a(alt_sys_init.o)
                                0x1e6 (size before relaxing)
 .debug_str     0x00000390       0x56 ../sopc_final_bsp/\libhal_bsp.a(altera_avalon_jtag_uart_write.o)
                                0x1e9 (size before relaxing)
 .debug_str     0x000003e6       0x34 ../sopc_final_bsp/\libhal_bsp.a(alt_dcache_flush_all.o)
                                0x130 (size before relaxing)
 .debug_str     0x0000041a       0x34 ../sopc_final_bsp/\libhal_bsp.a(alt_icache_flush_all.o)
                                0x130 (size before relaxing)
 .debug_str     0x0000044e       0x31 ../sopc_final_bsp/\libhal_bsp.a(altera_nios2_irq.o)
                                0x12d (size before relaxing)
 .debug_str     0x0000047f       0xe9 c:/altera/11.0sp1/nios2eds/bin/gnu/h-i686-mingw32/bin/../lib/gcc/nios2-elf/4.1.2/../../../../nios2-elf/lib/mno-hw-mul\libsmallc.a(lib_a-strlen.o)
                                0x184 (size before relaxing)

.debug_loc      0x00000000      0x11b
 *(.debug_loc)
 .debug_loc     0x00000000       0x1f obj/hello_world_small.o
 .debug_loc     0x0000001f       0x1f ../sopc_final_bsp/\libhal_bsp.a(alt_load.o)
 .debug_loc     0x0000003e       0x1f ../sopc_final_bsp/\libhal_bsp.a(alt_main.o)
 .debug_loc     0x0000005d       0x48 ../sopc_final_bsp/\libhal_bsp.a(alt_putstr.o)
 .debug_loc     0x000000a5       0x32 ../sopc_final_bsp/\libhal_bsp.a(alt_sys_init.o)
 .debug_loc     0x000000d7       0x26 ../sopc_final_bsp/\libhal_bsp.a(altera_avalon_jtag_uart_write.o)
 .debug_loc     0x000000fd       0x1e c:/altera/11.0sp1/nios2eds/bin/gnu/h-i686-mingw32/bin/../lib/gcc/nios2-elf/4.1.2/../../../../nios2-elf/lib/mno-hw-mul\libsmallc.a(lib_a-strlen.o)

.debug_macinfo
 *(.debug_macinfo)

.debug_weaknames
 *(.debug_weaknames)

.debug_funcnames
 *(.debug_funcnames)

.debug_typenames
 *(.debug_typenames)

.debug_varnames
 *(.debug_varnames)

.debug_alt_sim_info
                0x00000000       0x10
 *(.debug_alt_sim_info)
 .debug_alt_sim_info
                0x00000000       0x10 ../sopc_final_bsp//obj/HAL/src/crt0.o
                0x0000ce20                __alt_data_end = 0xce20
                0x0000ce20                PROVIDE (__alt_stack_pointer, __alt_data_end)
                0x000082f4                PROVIDE (__alt_stack_limit, __alt_stack_base)
                0x000082f4                PROVIDE (__alt_heap_start, end)
                0x0000ce20                PROVIDE (__alt_heap_limit, 0xce20)
OUTPUT(sopc_final.elf elf32-littlenios2)

.debug_ranges   0x00000000       0x20
 .debug_ranges  0x00000000       0x20 ../sopc_final_bsp//obj/HAL/src/crt0.o
