Archive member included because of file (symbol)

../sopc-leds-bp_bsp/\libhal_bsp.a(alt_load.o)
                              ../sopc-leds-bp_bsp//obj/HAL/src/crt0.o (alt_load)
../sopc-leds-bp_bsp/\libhal_bsp.a(alt_main.o)
                              ../sopc-leds-bp_bsp//obj/HAL/src/crt0.o (alt_main)
../sopc-leds-bp_bsp/\libhal_bsp.a(alt_putstr.o)
                              obj/hello_world_small.o (alt_putstr)
../sopc-leds-bp_bsp/\libhal_bsp.a(alt_sys_init.o)
                              ../sopc-leds-bp_bsp/\libhal_bsp.a(alt_main.o) (alt_sys_init)
../sopc-leds-bp_bsp/\libhal_bsp.a(altera_avalon_jtag_uart_write.o)
                              ../sopc-leds-bp_bsp/\libhal_bsp.a(alt_putstr.o) (altera_avalon_jtag_uart_write)
../sopc-leds-bp_bsp/\libhal_bsp.a(alt_dcache_flush_all.o)
                              ../sopc-leds-bp_bsp/\libhal_bsp.a(alt_load.o) (alt_dcache_flush_all)
../sopc-leds-bp_bsp/\libhal_bsp.a(alt_icache_flush_all.o)
                              ../sopc-leds-bp_bsp/\libhal_bsp.a(alt_load.o) (alt_icache_flush_all)
../sopc-leds-bp_bsp/\libhal_bsp.a(altera_nios2_irq.o)
                              ../sopc-leds-bp_bsp/\libhal_bsp.a(alt_sys_init.o) (altera_nios2_irq_init)
c:/altera/11.0sp1/nios2eds/bin/gnu/h-i686-mingw32/bin/../lib/gcc/nios2-elf/4.1.2/../../../../nios2-elf/lib/mno-hw-mul\libsmallc.a(lib_a-strlen.o)
                              ../sopc-leds-bp_bsp/\libhal_bsp.a(alt_putstr.o) (strlen)

Memory Configuration

Name             Origin             Length             Attributes
reset            0x00008000         0x00000020
onchip_memory2_0 0x00008020         0x00004e00
*default*        0x00000000         0xffffffff

Linker script and memory map

LOAD ../sopc-leds-bp_bsp//obj/HAL/src/crt0.o
                0x0000800c                exit = _exit
LOAD obj/hello_world_small.o
LOAD c:/altera/11.0sp1/nios2eds/bin/gnu/h-i686-mingw32/bin/../lib/gcc/nios2-elf/4.1.2/../../../../nios2-elf/lib/mno-hw-mul\libstdc++.a
LOAD c:/altera/11.0sp1/nios2eds/bin/gnu/h-i686-mingw32/bin/../lib/gcc/nios2-elf/4.1.2/../../../../nios2-elf/lib/mno-hw-mul\libm.a
LOAD c:/altera/11.0sp1/nios2eds/bin/gnu/h-i686-mingw32/bin/../lib/gcc/nios2-elf/4.1.2/mno-hw-mul\libgcc.a
START GROUP
LOAD c:/altera/11.0sp1/nios2eds/bin/gnu/h-i686-mingw32/bin/../lib/gcc/nios2-elf/4.1.2/../../../../nios2-elf/lib/mno-hw-mul\libsmallc.a
LOAD c:/altera/11.0sp1/nios2eds/bin/gnu/h-i686-mingw32/bin/../lib/gcc/nios2-elf/4.1.2/mno-hw-mul\libgcc.a
LOAD ../sopc-leds-bp_bsp/\libhal_bsp.a
END GROUP
LOAD c:/altera/11.0sp1/nios2eds/bin/gnu/h-i686-mingw32/bin/../lib/gcc/nios2-elf/4.1.2/mno-hw-mul\libgcc.a
                0x00008000                __alt_mem_onchip_memory2_0 = 0x8000

.entry          0x00008000       0x20
 *(.entry)
 .entry         0x00008000       0x20 ../sopc-leds-bp_bsp//obj/HAL/src/crt0.o
                0x00008000                __reset
                0x0000800c                _exit

.exceptions     0x00008020        0x0
                0x00008020                PROVIDE (__ram_exceptions_start, ABSOLUTE (.))
                0x00008020                . = ALIGN (0x20)
 *(.irq)
 *(.exceptions.entry.label)
 *(.exceptions.entry.user)
 *(.exceptions.entry)
 *(.exceptions.irqtest.user)
 *(.exceptions.irqtest)
 *(.exceptions.irqhandler.user)
 *(.exceptions.irqhandler)
 *(.exceptions.irqreturn.user)
 *(.exceptions.irqreturn)
 *(.exceptions.notirq.label)
 *(.exceptions.notirq.user)
 *(.exceptions.notirq)
 *(.exceptions.soft.user)
 *(.exceptions.soft)
 *(.exceptions.unknown.user)
 *(.exceptions.unknown)
 *(.exceptions.exit.label)
 *(.exceptions.exit.user)
 *(.exceptions.exit)
 *(.exceptions)
                0x00008020                PROVIDE (__ram_exceptions_end, ABSOLUTE (.))
                0x00008020                PROVIDE (__flash_exceptions_start, LOADADDR (.exceptions))

.text           0x00008020      0x22c
                0x00008020                PROVIDE (stext, ABSOLUTE (.))
 *(.interp)
 *(.hash)
 *(.dynsym)
 *(.dynstr)
 *(.gnu.version)
 *(.gnu.version_d)
 *(.gnu.version_r)
 *(.rel.init)
 *(.rela.init)
 *(.rel.text .rel.text.* .rel.gnu.linkonce.t.*)
 *(.rela.text .rela.text.* .rela.gnu.linkonce.t.*)
 *(.rel.fini)
 *(.rela.fini)
 *(.rel.rodata .rel.rodata.* .rel.gnu.linkonce.r.*)
 *(.rela.rodata .rela.rodata.* .rela.gnu.linkonce.r.*)
 *(.rel.data .rel.data.* .rel.gnu.linkonce.d.*)
 *(.rela.data .rela.data.* .rela.gnu.linkonce.d.*)
 *(.rel.tdata .rel.tdata.* .rel.gnu.linkonce.td.*)
 *(.rela.tdata .rela.tdata.* .rela.gnu.linkonce.td.*)
 *(.rel.tbss .rel.tbss.* .rel.gnu.linkonce.tb.*)
 *(.rela.tbss .rela.tbss.* .rela.gnu.linkonce.tb.*)
 *(.rel.ctors)
 *(.rela.ctors)
 *(.rel.dtors)
 *(.rela.dtors)
 *(.rel.got)
 *(.rela.got)
 *(.rel.sdata .rel.sdata.* .rel.gnu.linkonce.s.*)
 *(.rela.sdata .rela.sdata.* .rela.gnu.linkonce.s.*)
 *(.rel.sbss .rel.sbss.* .rel.gnu.linkonce.sb.*)
 *(.rela.sbss .rela.sbss.* .rela.gnu.linkonce.sb.*)
 *(.rel.sdata2 .rel.sdata2.* .rel.gnu.linkonce.s2.*)
 *(.rela.sdata2 .rela.sdata2.* .rela.gnu.linkonce.s2.*)
 *(.rel.sbss2 .rel.sbss2.* .rel.gnu.linkonce.sb2.*)
 *(.rela.sbss2 .rela.sbss2.* .rela.gnu.linkonce.sb2.*)
 *(.rel.bss .rel.bss.* .rel.gnu.linkonce.b.*)
 *(.rela.bss .rela.bss.* .rela.gnu.linkonce.b.*)
 *(.rel.plt)
 *(.rela.plt)
 *(.rel.dyn)
 *(.init)
 *(.plt)
 *(.text .stub .text.* .gnu.linkonce.t.*)
 .text          0x00008020       0x3c ../sopc-leds-bp_bsp//obj/HAL/src/crt0.o
                0x00008020                _start
 .text          0x0000805c       0x78 obj/hello_world_small.o
                0x0000805c                main
 .text          0x000080d4       0x8c ../sopc-leds-bp_bsp/\libhal_bsp.a(alt_load.o)
                0x000080f4                alt_load
 .text          0x00008160       0x2c ../sopc-leds-bp_bsp/\libhal_bsp.a(alt_main.o)
                0x00008160                alt_main
 .text          0x0000818c       0x38 ../sopc-leds-bp_bsp/\libhal_bsp.a(alt_putstr.o)
                0x0000818c                alt_putstr
 .text          0x000081c4       0x24 ../sopc-leds-bp_bsp/\libhal_bsp.a(alt_sys_init.o)
                0x000081c4                alt_sys_init
                0x000081c8                alt_irq_init
 .text          0x000081e8       0x34 ../sopc-leds-bp_bsp/\libhal_bsp.a(altera_avalon_jtag_uart_write.o)
                0x000081e8                altera_avalon_jtag_uart_write
 .text          0x0000821c        0x4 ../sopc-leds-bp_bsp/\libhal_bsp.a(alt_dcache_flush_all.o)
                0x0000821c                alt_dcache_flush_all
 .text          0x00008220        0x4 ../sopc-leds-bp_bsp/\libhal_bsp.a(alt_icache_flush_all.o)
                0x00008220                alt_icache_flush_all
 .text          0x00008224        0x8 ../sopc-leds-bp_bsp/\libhal_bsp.a(altera_nios2_irq.o)
                0x00008224                altera_nios2_irq_init
 .text          0x0000822c       0x20 c:/altera/11.0sp1/nios2eds/bin/gnu/h-i686-mingw32/bin/../lib/gcc/nios2-elf/4.1.2/../../../../nios2-elf/lib/mno-hw-mul\libsmallc.a(lib_a-strlen.o)
                0x0000822c                strlen
 *(.gnu.warning.*)
 *(.fini)
                0x0000824c                PROVIDE (__etext, ABSOLUTE (.))
                0x0000824c                PROVIDE (_etext, ABSOLUTE (.))
                0x0000824c                PROVIDE (etext, ABSOLUTE (.))
 *(.eh_frame_hdr)
                0x0000824c                . = ALIGN (0x4)
                0x0000824c                PROVIDE (__preinit_array_start, ABSOLUTE (.))
 *(.preinit_array)
                0x0000824c                PROVIDE (__preinit_array_end, ABSOLUTE (.))
                0x0000824c                PROVIDE (__init_array_start, ABSOLUTE (.))
 *(.init_array)
                0x0000824c                PROVIDE (__init_array_end, ABSOLUTE (.))
                0x0000824c                PROVIDE (__fini_array_start, ABSOLUTE (.))
 *(.fini_array)
                0x0000824c                PROVIDE (__fini_array_end, ABSOLUTE (.))
 *(.eh_frame)
 *(.gcc_except_table)
 *(.dynamic)
                0x0000824c                PROVIDE (__CTOR_LIST__, ABSOLUTE (.))
 *(.ctors)
 *(SORT(.ctors.*))
                0x0000824c                PROVIDE (__CTOR_END__, ABSOLUTE (.))
                0x0000824c                PROVIDE (__DTOR_LIST__, ABSOLUTE (.))
 *(.dtors)
 *(SORT(.dtors.*))
                0x0000824c                PROVIDE (__DTOR_END__, ABSOLUTE (.))
 *(.jcr)
                0x0000824c                . = ALIGN (0x4)

.rodata         0x0000824c       0x18
                0x0000824c                PROVIDE (__ram_rodata_start, ABSOLUTE (.))
                0x0000824c                . = ALIGN (0x4)
 *(.rodata .rodata.* .gnu.linkonce.r.*)
 .rodata.str1.4
                0x0000824c       0x18 obj/hello_world_small.o
 *(.rodata1)
                0x00008264                . = ALIGN (0x4)
                0x00008264                PROVIDE (__ram_rodata_end, ABSOLUTE (.))
                0x0000824c                PROVIDE (__flash_rodata_start, LOADADDR (.rodata))

.rwdata         0x00008264        0xc load address 0x00008270
                0x00008264                PROVIDE (__ram_rwdata_start, ABSOLUTE (.))
                0x00008264                . = ALIGN (0x4)
 *(.got.plt)
 *(.got)
 *(.data1)
 *(.data .data.* .gnu.linkonce.d.*)
 .data          0x00008264        0x0 ../sopc-leds-bp_bsp//obj/HAL/src/crt0.o
 .data          0x00008264        0x0 obj/hello_world_small.o
 .data          0x00008264        0x0 ../sopc-leds-bp_bsp/\libhal_bsp.a(alt_load.o)
 .data          0x00008264        0x0 ../sopc-leds-bp_bsp/\libhal_bsp.a(alt_main.o)
 .data          0x00008264        0x0 ../sopc-leds-bp_bsp/\libhal_bsp.a(alt_putstr.o)
 .data          0x00008264        0x0 ../sopc-leds-bp_bsp/\libhal_bsp.a(alt_sys_init.o)
 .data          0x00008264        0x0 ../sopc-leds-bp_bsp/\libhal_bsp.a(altera_avalon_jtag_uart_write.o)
 .data          0x00008264        0x0 ../sopc-leds-bp_bsp/\libhal_bsp.a(alt_dcache_flush_all.o)
 .data          0x00008264        0x0 ../sopc-leds-bp_bsp/\libhal_bsp.a(alt_icache_flush_all.o)
 .data          0x00008264        0x0 ../sopc-leds-bp_bsp/\libhal_bsp.a(altera_nios2_irq.o)
 .data          0x00008264        0x0 c:/altera/11.0sp1/nios2eds/bin/gnu/h-i686-mingw32/bin/../lib/gcc/nios2-elf/4.1.2/../../../../nios2-elf/lib/mno-hw-mul\libsmallc.a(lib_a-strlen.o)
                0x00010264                _gp = ABSOLUTE ((. + 0x8000))
                0x00010264                PROVIDE (gp, _gp)
 *(.rwdata .rwdata.*)
 *(.sdata .sdata.* .gnu.linkonce.s.*)
 .sdata         0x00008264        0x8 obj/hello_world_small.o
                0x00008264                switchs
                0x00008268                leds
 .sdata         0x0000826c        0x4 ../sopc-leds-bp_bsp/\libhal_bsp.a(alt_sys_init.o)
                0x0000826c                jtag_uart_0
 *(.sdata2 .sdata2.* .gnu.linkonce.s2.*)
                0x00008270                . = ALIGN (0x4)
                0x00008270                _edata = ABSOLUTE (.)
                0x00008270                PROVIDE (edata, ABSOLUTE (.))
                0x00008270                PROVIDE (__ram_rwdata_end, ABSOLUTE (.))
                0x00008270                PROVIDE (__flash_rwdata_start, LOADADDR (.rwdata))

.bss            0x0000827c        0xc
                0x0000827c                __bss_start = ABSOLUTE (.)
                0x0000827c                PROVIDE (__sbss_start, ABSOLUTE (.))
                0x0000827c                PROVIDE (___sbss_start, ABSOLUTE (.))
 *(.dynsbss)
 *(.sbss .sbss.* .gnu.linkonce.sb.*)
 .sbss          0x0000827c        0xc ../sopc-leds-bp_bsp/\libhal_bsp.a(alt_main.o)
                0x0000827c                alt_argc
                0x00008280                alt_argv
                0x00008284                alt_envp
 *(.sbss2 .sbss2.* .gnu.linkonce.sb2.*)
 *(.scommon)
                0x00008288                PROVIDE (__sbss_end, ABSOLUTE (.))
                0x00008288                PROVIDE (___sbss_end, ABSOLUTE (.))
 *(.dynbss)
 *(.bss .bss.* .gnu.linkonce.b.*)
 .bss           0x00008288        0x0 ../sopc-leds-bp_bsp//obj/HAL/src/crt0.o
 .bss           0x00008288        0x0 obj/hello_world_small.o
 .bss           0x00008288        0x0 ../sopc-leds-bp_bsp/\libhal_bsp.a(alt_load.o)
 .bss           0x00008288        0x0 ../sopc-leds-bp_bsp/\libhal_bsp.a(alt_main.o)
 .bss           0x00008288        0x0 ../sopc-leds-bp_bsp/\libhal_bsp.a(alt_putstr.o)
 .bss           0x00008288        0x0 ../sopc-leds-bp_bsp/\libhal_bsp.a(alt_sys_init.o)
 .bss           0x00008288        0x0 ../sopc-leds-bp_bsp/\libhal_bsp.a(altera_avalon_jtag_uart_write.o)
 .bss           0x00008288        0x0 ../sopc-leds-bp_bsp/\libhal_bsp.a(alt_dcache_flush_all.o)
 .bss           0x00008288        0x0 ../sopc-leds-bp_bsp/\libhal_bsp.a(alt_icache_flush_all.o)
 .bss           0x00008288        0x0 ../sopc-leds-bp_bsp/\libhal_bsp.a(altera_nios2_irq.o)
 .bss           0x00008288        0x0 c:/altera/11.0sp1/nios2eds/bin/gnu/h-i686-mingw32/bin/../lib/gcc/nios2-elf/4.1.2/../../../../nios2-elf/lib/mno-hw-mul\libsmallc.a(lib_a-strlen.o)
 *(COMMON)
                0x00008288                . = ALIGN (0x4)
                0x00008288                __bss_end = ABSOLUTE (.)

.onchip_memory2_0
                0x00008288        0x0
                0x00008288                PROVIDE (_alt_partition_onchip_memory2_0_start, ABSOLUTE (.))
 *(.onchip_memory2_0. onchip_memory2_0.*)
                0x00008288                . = ALIGN (0x4)
                0x00008288                PROVIDE (_alt_partition_onchip_memory2_0_end, ABSOLUTE (.))
                0x00008288                _end = ABSOLUTE (.)
                0x00008288                end = ABSOLUTE (.)
                0x00008288                __alt_stack_base = ABSOLUTE (.)
                0x00008288                PROVIDE (_alt_partition_onchip_memory2_0_load_addr, LOADADDR (.onchip_memory2_0))

.stab
 *(.stab)

.stabstr
 *(.stabstr)

.stab.excl
 *(.stab.excl)

.stab.exclstr
 *(.stab.exclstr)

.stab.index
 *(.stab.index)

.stab.indexstr
 *(.stab.indexstr)

.comment        0x00000000       0x26
 *(.comment)
 .comment       0x00000000       0x26 obj/hello_world_small.o
                                 0x27 (size before relaxing)
 .comment       0x00000000       0x27 ../sopc-leds-bp_bsp/\libhal_bsp.a(alt_load.o)
 .comment       0x00000000       0x27 ../sopc-leds-bp_bsp/\libhal_bsp.a(alt_main.o)
 .comment       0x00000000       0x27 ../sopc-leds-bp_bsp/\libhal_bsp.a(alt_putstr.o)
 .comment       0x00000000       0x27 ../sopc-leds-bp_bsp/\libhal_bsp.a(alt_sys_init.o)
 .comment       0x00000000       0x27 ../sopc-leds-bp_bsp/\libhal_bsp.a(altera_avalon_jtag_uart_write.o)
 .comment       0x00000000       0x27 ../sopc-leds-bp_bsp/\libhal_bsp.a(alt_dcache_flush_all.o)
 .comment       0x00000000       0x27 ../sopc-leds-bp_bsp/\libhal_bsp.a(alt_icache_flush_all.o)
 .comment       0x00000000       0x27 ../sopc-leds-bp_bsp/\libhal_bsp.a(altera_nios2_irq.o)
 .comment       0x00000000       0x27 c:/altera/11.0sp1/nios2eds/bin/gnu/h-i686-mingw32/bin/../lib/gcc/nios2-elf/4.1.2/../../../../nios2-elf/lib/mno-hw-mul\libsmallc.a(lib_a-strlen.o)

.debug
 *(.debug)

.line
 *(.line)

.debug_srcinfo
 *(.debug_srcinfo)

.debug_sfnames
 *(.debug_sfnames)

.debug_aranges  0x00000000      0x168
 *(.debug_aranges)
 .debug_aranges
                0x00000000       0x28 ../sopc-leds-bp_bsp//obj/HAL/src/crt0.o
 .debug_aranges
                0x00000028       0x20 obj/hello_world_small.o
 .debug_aranges
                0x00000048       0x20 ../sopc-leds-bp_bsp/\libhal_bsp.a(alt_load.o)
 .debug_aranges
                0x00000068       0x20 ../sopc-leds-bp_bsp/\libhal_bsp.a(alt_main.o)
 .debug_aranges
                0x00000088       0x20 ../sopc-leds-bp_bsp/\libhal_bsp.a(alt_putstr.o)
 .debug_aranges
                0x000000a8       0x20 ../sopc-leds-bp_bsp/\libhal_bsp.a(alt_sys_init.o)
 .debug_aranges
                0x000000c8       0x20 ../sopc-leds-bp_bsp/\libhal_bsp.a(altera_avalon_jtag_uart_write.o)
 .debug_aranges
                0x000000e8       0x20 ../sopc-leds-bp_bsp/\libhal_bsp.a(alt_dcache_flush_all.o)
 .debug_aranges
                0x00000108       0x20 ../sopc-leds-bp_bsp/\libhal_bsp.a(alt_icache_flush_all.o)
 .debug_aranges
                0x00000128       0x20 ../sopc-leds-bp_bsp/\libhal_bsp.a(altera_nios2_irq.o)
 .debug_aranges
                0x00000148       0x20 c:/altera/11.0sp1/nios2eds/bin/gnu/h-i686-mingw32/bin/../lib/gcc/nios2-elf/4.1.2/../../../../nios2-elf/lib/mno-hw-mul\libsmallc.a(lib_a-strlen.o)

.debug_pubnames
                0x00000000      0x1cd
 *(.debug_pubnames)
 .debug_pubnames
                0x00000000       0x30 obj/hello_world_small.o
 .debug_pubnames
                0x00000030       0x1f ../sopc-leds-bp_bsp/\libhal_bsp.a(alt_load.o)
 .debug_pubnames
                0x0000004f       0x46 ../sopc-leds-bp_bsp/\libhal_bsp.a(alt_main.o)
 .debug_pubnames
                0x00000095       0x21 ../sopc-leds-bp_bsp/\libhal_bsp.a(alt_putstr.o)
 .debug_pubnames
                0x000000b6       0x44 ../sopc-leds-bp_bsp/\libhal_bsp.a(alt_sys_init.o)
 .debug_pubnames
                0x000000fa       0x34 ../sopc-leds-bp_bsp/\libhal_bsp.a(altera_avalon_jtag_uart_write.o)
 .debug_pubnames
                0x0000012e       0x2b ../sopc-leds-bp_bsp/\libhal_bsp.a(alt_dcache_flush_all.o)
 .debug_pubnames
                0x00000159       0x2b ../sopc-leds-bp_bsp/\libhal_bsp.a(alt_icache_flush_all.o)
 .debug_pubnames
                0x00000184       0x2c ../sopc-leds-bp_bsp/\libhal_bsp.a(altera_nios2_irq.o)
 .debug_pubnames
                0x000001b0       0x1d c:/altera/11.0sp1/nios2eds/bin/gnu/h-i686-mingw32/bin/../lib/gcc/nios2-elf/4.1.2/../../../../nios2-elf/lib/mno-hw-mul\libsmallc.a(lib_a-strlen.o)

.debug_info     0x00000000      0x9e3
 *(.debug_info .gnu.linkonce.wi.*)
 .debug_info    0x00000000       0x9a ../sopc-leds-bp_bsp//obj/HAL/src/crt0.o
 .debug_info    0x0000009a       0xbc obj/hello_world_small.o
 .debug_info    0x00000156      0x12e ../sopc-leds-bp_bsp/\libhal_bsp.a(alt_load.o)
 .debug_info    0x00000284      0x125 ../sopc-leds-bp_bsp/\libhal_bsp.a(alt_main.o)
 .debug_info    0x000003a9       0xc5 ../sopc-leds-bp_bsp/\libhal_bsp.a(alt_putstr.o)
 .debug_info    0x0000046e      0x17d ../sopc-leds-bp_bsp/\libhal_bsp.a(alt_sys_init.o)
 .debug_info    0x000005eb      0x18f ../sopc-leds-bp_bsp/\libhal_bsp.a(altera_avalon_jtag_uart_write.o)
 .debug_info    0x0000077a       0x8d ../sopc-leds-bp_bsp/\libhal_bsp.a(alt_dcache_flush_all.o)
 .debug_info    0x00000807       0x8d ../sopc-leds-bp_bsp/\libhal_bsp.a(alt_icache_flush_all.o)
 .debug_info    0x00000894       0x8d ../sopc-leds-bp_bsp/\libhal_bsp.a(altera_nios2_irq.o)
 .debug_info    0x00000921       0xc2 c:/altera/11.0sp1/nios2eds/bin/gnu/h-i686-mingw32/bin/../lib/gcc/nios2-elf/4.1.2/../../../../nios2-elf/lib/mno-hw-mul\libsmallc.a(lib_a-strlen.o)

.debug_abbrev   0x00000000      0x52e
 *(.debug_abbrev)
 .debug_abbrev  0x00000000       0x12 ../sopc-leds-bp_bsp//obj/HAL/src/crt0.o
 .debug_abbrev  0x00000012       0x59 obj/hello_world_small.o
 .debug_abbrev  0x0000006b       0x97 ../sopc-leds-bp_bsp/\libhal_bsp.a(alt_load.o)
 .debug_abbrev  0x00000102       0xa6 ../sopc-leds-bp_bsp/\libhal_bsp.a(alt_main.o)
 .debug_abbrev  0x000001a8       0x7c ../sopc-leds-bp_bsp/\libhal_bsp.a(alt_putstr.o)
 .debug_abbrev  0x00000224       0xe3 ../sopc-leds-bp_bsp/\libhal_bsp.a(alt_sys_init.o)
 .debug_abbrev  0x00000307       0xf0 ../sopc-leds-bp_bsp/\libhal_bsp.a(altera_avalon_jtag_uart_write.o)
 .debug_abbrev  0x000003f7       0x3f ../sopc-leds-bp_bsp/\libhal_bsp.a(alt_dcache_flush_all.o)
 .debug_abbrev  0x00000436       0x3f ../sopc-leds-bp_bsp/\libhal_bsp.a(alt_icache_flush_all.o)
 .debug_abbrev  0x00000475       0x3f ../sopc-leds-bp_bsp/\libhal_bsp.a(altera_nios2_irq.o)
 .debug_abbrev  0x000004b4       0x7a c:/altera/11.0sp1/nios2eds/bin/gnu/h-i686-mingw32/bin/../lib/gcc/nios2-elf/4.1.2/../../../../nios2-elf/lib/mno-hw-mul\libsmallc.a(lib_a-strlen.o)

.debug_line     0x00000000     0x1619
 *(.debug_line)
 .debug_line    0x00000000       0x66 ../sopc-leds-bp_bsp//obj/HAL/src/crt0.o
 .debug_line    0x00000066      0x204 obj/hello_world_small.o
 .debug_line    0x0000026a      0x217 ../sopc-leds-bp_bsp/\libhal_bsp.a(alt_load.o)
 .debug_line    0x00000481      0x2c2 ../sopc-leds-bp_bsp/\libhal_bsp.a(alt_main.o)
 .debug_line    0x00000743      0x1d9 ../sopc-leds-bp_bsp/\libhal_bsp.a(alt_putstr.o)
 .debug_line    0x0000091c      0x286 ../sopc-leds-bp_bsp/\libhal_bsp.a(alt_sys_init.o)
 .debug_line    0x00000ba2      0x2f4 ../sopc-leds-bp_bsp/\libhal_bsp.a(altera_avalon_jtag_uart_write.o)
 .debug_line    0x00000e96      0x1b5 ../sopc-leds-bp_bsp/\libhal_bsp.a(alt_dcache_flush_all.o)
 .debug_line    0x0000104b      0x1b5 ../sopc-leds-bp_bsp/\libhal_bsp.a(alt_icache_flush_all.o)
 .debug_line    0x00001200      0x1c9 ../sopc-leds-bp_bsp/\libhal_bsp.a(altera_nios2_irq.o)
 .debug_line    0x000013c9      0x250 c:/altera/11.0sp1/nios2eds/bin/gnu/h-i686-mingw32/bin/../lib/gcc/nios2-elf/4.1.2/../../../../nios2-elf/lib/mno-hw-mul\libsmallc.a(lib_a-strlen.o)

.debug_frame    0x00000000      0x188
 *(.debug_frame)
 .debug_frame   0x00000000       0x28 obj/hello_world_small.o
 .debug_frame   0x00000028       0x38 ../sopc-leds-bp_bsp/\libhal_bsp.a(alt_load.o)
 .debug_frame   0x00000060       0x28 ../sopc-leds-bp_bsp/\libhal_bsp.a(alt_main.o)
 .debug_frame   0x00000088       0x28 ../sopc-leds-bp_bsp/\libhal_bsp.a(alt_putstr.o)
 .debug_frame   0x000000b0       0x38 ../sopc-leds-bp_bsp/\libhal_bsp.a(alt_sys_init.o)
 .debug_frame   0x000000e8       0x20 ../sopc-leds-bp_bsp/\libhal_bsp.a(altera_avalon_jtag_uart_write.o)
 .debug_frame   0x00000108       0x20 ../sopc-leds-bp_bsp/\libhal_bsp.a(alt_dcache_flush_all.o)
 .debug_frame   0x00000128       0x20 ../sopc-leds-bp_bsp/\libhal_bsp.a(alt_icache_flush_all.o)
 .debug_frame   0x00000148       0x20 ../sopc-leds-bp_bsp/\libhal_bsp.a(altera_nios2_irq.o)
 .debug_frame   0x00000168       0x20 c:/altera/11.0sp1/nios2eds/bin/gnu/h-i686-mingw32/bin/../lib/gcc/nios2-elf/4.1.2/../../../../nios2-elf/lib/mno-hw-mul\libsmallc.a(lib_a-strlen.o)

.debug_str      0x00000000      0x55a
 *(.debug_str)
 .debug_str     0x00000000       0xe2 obj/hello_world_small.o
                                0x120 (size before relaxing)
 .debug_str     0x000000e2      0x15a ../sopc-leds-bp_bsp/\libhal_bsp.a(alt_load.o)
                                0x1ef (size before relaxing)
 .debug_str     0x0000023c       0x75 ../sopc-leds-bp_bsp/\libhal_bsp.a(alt_main.o)
                                0x173 (size before relaxing)
 .debug_str     0x000002b1       0x4c ../sopc-leds-bp_bsp/\libhal_bsp.a(alt_putstr.o)
                                0x14a (size before relaxing)
 .debug_str     0x000002fd       0x85 ../sopc-leds-bp_bsp/\libhal_bsp.a(alt_sys_init.o)
                                0x1e8 (size before relaxing)
 .debug_str     0x00000382       0x56 ../sopc-leds-bp_bsp/\libhal_bsp.a(altera_avalon_jtag_uart_write.o)
                                0x1eb (size before relaxing)
 .debug_str     0x000003d8       0x34 ../sopc-leds-bp_bsp/\libhal_bsp.a(alt_dcache_flush_all.o)
                                0x132 (size before relaxing)
 .debug_str     0x0000040c       0x34 ../sopc-leds-bp_bsp/\libhal_bsp.a(alt_icache_flush_all.o)
                                0x132 (size before relaxing)
 .debug_str     0x00000440       0x31 ../sopc-leds-bp_bsp/\libhal_bsp.a(altera_nios2_irq.o)
                                0x12f (size before relaxing)
 .debug_str     0x00000471       0xe9 c:/altera/11.0sp1/nios2eds/bin/gnu/h-i686-mingw32/bin/../lib/gcc/nios2-elf/4.1.2/../../../../nios2-elf/lib/mno-hw-mul\libsmallc.a(lib_a-strlen.o)
                                0x184 (size before relaxing)

.debug_loc      0x00000000      0x11b
 *(.debug_loc)
 .debug_loc     0x00000000       0x1f obj/hello_world_small.o
 .debug_loc     0x0000001f       0x1f ../sopc-leds-bp_bsp/\libhal_bsp.a(alt_load.o)
 .debug_loc     0x0000003e       0x1f ../sopc-leds-bp_bsp/\libhal_bsp.a(alt_main.o)
 .debug_loc     0x0000005d       0x48 ../sopc-leds-bp_bsp/\libhal_bsp.a(alt_putstr.o)
 .debug_loc     0x000000a5       0x32 ../sopc-leds-bp_bsp/\libhal_bsp.a(alt_sys_init.o)
 .debug_loc     0x000000d7       0x26 ../sopc-leds-bp_bsp/\libhal_bsp.a(altera_avalon_jtag_uart_write.o)
 .debug_loc     0x000000fd       0x1e c:/altera/11.0sp1/nios2eds/bin/gnu/h-i686-mingw32/bin/../lib/gcc/nios2-elf/4.1.2/../../../../nios2-elf/lib/mno-hw-mul\libsmallc.a(lib_a-strlen.o)

.debug_macinfo
 *(.debug_macinfo)

.debug_weaknames
 *(.debug_weaknames)

.debug_funcnames
 *(.debug_funcnames)

.debug_typenames
 *(.debug_typenames)

.debug_varnames
 *(.debug_varnames)

.debug_alt_sim_info
                0x00000000       0x10
 *(.debug_alt_sim_info)
 .debug_alt_sim_info
                0x00000000       0x10 ../sopc-leds-bp_bsp//obj/HAL/src/crt0.o
                0x0000ce20                __alt_data_end = 0xce20
                0x0000ce20                PROVIDE (__alt_stack_pointer, __alt_data_end)
                0x00008288                PROVIDE (__alt_stack_limit, __alt_stack_base)
                0x00008288                PROVIDE (__alt_heap_start, end)
                0x0000ce20                PROVIDE (__alt_heap_limit, 0xce20)
OUTPUT(sopc-leds-bp.elf elf32-littlenios2)

.debug_ranges   0x00000000       0x20
 .debug_ranges  0x00000000       0x20 ../sopc-leds-bp_bsp//obj/HAL/src/crt0.o
