Archive member included because of file (symbol)

../test_HelloWorld1_bsp/\libhal_bsp.a(alt_load.o)
                              ../test_HelloWorld1_bsp//obj/HAL/src/crt0.o (alt_load)
../test_HelloWorld1_bsp/\libhal_bsp.a(alt_main.o)
                              ../test_HelloWorld1_bsp//obj/HAL/src/crt0.o (alt_main)
../test_HelloWorld1_bsp/\libhal_bsp.a(alt_putstr.o)
                              obj/HelloWorld.o (alt_putstr)
../test_HelloWorld1_bsp/\libhal_bsp.a(alt_usleep.o)
                              obj/HelloWorld.o (usleep)
../test_HelloWorld1_bsp/\libhal_bsp.a(alt_sys_init.o)
                              ../test_HelloWorld1_bsp/\libhal_bsp.a(alt_main.o) (alt_sys_init)
../test_HelloWorld1_bsp/\libhal_bsp.a(altera_avalon_jtag_uart_write.o)
                              ../test_HelloWorld1_bsp/\libhal_bsp.a(alt_putstr.o) (altera_avalon_jtag_uart_write)
../test_HelloWorld1_bsp/\libhal_bsp.a(alt_busy_sleep.o)
                              ../test_HelloWorld1_bsp/\libhal_bsp.a(alt_usleep.o) (alt_busy_sleep)
../test_HelloWorld1_bsp/\libhal_bsp.a(alt_dcache_flush_all.o)
                              ../test_HelloWorld1_bsp/\libhal_bsp.a(alt_load.o) (alt_dcache_flush_all)
../test_HelloWorld1_bsp/\libhal_bsp.a(alt_icache_flush_all.o)
                              ../test_HelloWorld1_bsp/\libhal_bsp.a(alt_load.o) (alt_icache_flush_all)
../test_HelloWorld1_bsp/\libhal_bsp.a(altera_nios2_irq.o)
                              ../test_HelloWorld1_bsp/\libhal_bsp.a(alt_sys_init.o) (altera_nios2_irq_init)
c:/altera/11.0sp1/nios2eds/bin/gnu/h-i686-mingw32/bin/../lib/gcc/nios2-elf/4.1.2/../../../../nios2-elf/lib/mno-hw-mul\libsmallc.a(lib_a-strlen.o)
                              ../test_HelloWorld1_bsp/\libhal_bsp.a(alt_putstr.o) (strlen)
c:/altera/11.0sp1/nios2eds/bin/gnu/h-i686-mingw32/bin/../lib/gcc/nios2-elf/4.1.2/mno-hw-mul\libgcc.a(lib2-divmod.o)
                              ../test_HelloWorld1_bsp/\libhal_bsp.a(alt_busy_sleep.o) (__udivsi3)
c:/altera/11.0sp1/nios2eds/bin/gnu/h-i686-mingw32/bin/../lib/gcc/nios2-elf/4.1.2/mno-hw-mul\libgcc.a(lib2-mul.o)
                              ../test_HelloWorld1_bsp/\libhal_bsp.a(alt_busy_sleep.o) (__mulsi3)

Memory Configuration

Name             Origin             Length             Attributes
reset            0x00008000         0x00000020
onchip_memory2_0 0x00008020         0x00004e00
*default*        0x00000000         0xffffffff

Linker script and memory map

LOAD ../test_HelloWorld1_bsp//obj/HAL/src/crt0.o
                0x0000800c                exit = _exit
LOAD obj/HelloWorld.o
LOAD c:/altera/11.0sp1/nios2eds/bin/gnu/h-i686-mingw32/bin/../lib/gcc/nios2-elf/4.1.2/../../../../nios2-elf/lib/mno-hw-mul\libstdc++.a
LOAD c:/altera/11.0sp1/nios2eds/bin/gnu/h-i686-mingw32/bin/../lib/gcc/nios2-elf/4.1.2/../../../../nios2-elf/lib/mno-hw-mul\libm.a
LOAD c:/altera/11.0sp1/nios2eds/bin/gnu/h-i686-mingw32/bin/../lib/gcc/nios2-elf/4.1.2/mno-hw-mul\libgcc.a
START GROUP
LOAD c:/altera/11.0sp1/nios2eds/bin/gnu/h-i686-mingw32/bin/../lib/gcc/nios2-elf/4.1.2/../../../../nios2-elf/lib/mno-hw-mul\libsmallc.a
LOAD c:/altera/11.0sp1/nios2eds/bin/gnu/h-i686-mingw32/bin/../lib/gcc/nios2-elf/4.1.2/mno-hw-mul\libgcc.a
LOAD ../test_HelloWorld1_bsp/\libhal_bsp.a
END GROUP
LOAD c:/altera/11.0sp1/nios2eds/bin/gnu/h-i686-mingw32/bin/../lib/gcc/nios2-elf/4.1.2/mno-hw-mul\libgcc.a
                0x00008000                __alt_mem_onchip_memory2_0 = 0x8000

.entry          0x00008000       0x20
 *(.entry)
 .entry         0x00008000       0x20 ../test_HelloWorld1_bsp//obj/HAL/src/crt0.o
                0x00008000                __reset
                0x0000800c                _exit

.exceptions     0x00008020        0x0
                0x00008020                PROVIDE (__ram_exceptions_start, ABSOLUTE (.))
                0x00008020                . = ALIGN (0x20)
 *(.irq)
 *(.exceptions.entry.label)
 *(.exceptions.entry.user)
 *(.exceptions.entry)
 *(.exceptions.irqtest.user)
 *(.exceptions.irqtest)
 *(.exceptions.irqhandler.user)
 *(.exceptions.irqhandler)
 *(.exceptions.irqreturn.user)
 *(.exceptions.irqreturn)
 *(.exceptions.notirq.label)
 *(.exceptions.notirq.user)
 *(.exceptions.notirq)
 *(.exceptions.soft.user)
 *(.exceptions.soft)
 *(.exceptions.unknown.user)
 *(.exceptions.unknown)
 *(.exceptions.exit.label)
 *(.exceptions.exit.user)
 *(.exceptions.exit)
 *(.exceptions)
                0x00008020                PROVIDE (__ram_exceptions_end, ABSOLUTE (.))
                0x00008020                PROVIDE (__flash_exceptions_start, LOADADDR (.exceptions))

.text           0x00008020      0x3f4
                0x00008020                PROVIDE (stext, ABSOLUTE (.))
 *(.interp)
 *(.hash)
 *(.dynsym)
 *(.dynstr)
 *(.gnu.version)
 *(.gnu.version_d)
 *(.gnu.version_r)
 *(.rel.init)
 *(.rela.init)
 *(.rel.text .rel.text.* .rel.gnu.linkonce.t.*)
 *(.rela.text .rela.text.* .rela.gnu.linkonce.t.*)
 *(.rel.fini)
 *(.rela.fini)
 *(.rel.rodata .rel.rodata.* .rel.gnu.linkonce.r.*)
 *(.rela.rodata .rela.rodata.* .rela.gnu.linkonce.r.*)
 *(.rel.data .rel.data.* .rel.gnu.linkonce.d.*)
 *(.rela.data .rela.data.* .rela.gnu.linkonce.d.*)
 *(.rel.tdata .rel.tdata.* .rel.gnu.linkonce.td.*)
 *(.rela.tdata .rela.tdata.* .rela.gnu.linkonce.td.*)
 *(.rel.tbss .rel.tbss.* .rel.gnu.linkonce.tb.*)
 *(.rela.tbss .rela.tbss.* .rela.gnu.linkonce.tb.*)
 *(.rel.ctors)
 *(.rela.ctors)
 *(.rel.dtors)
 *(.rela.dtors)
 *(.rel.got)
 *(.rela.got)
 *(.rel.sdata .rel.sdata.* .rel.gnu.linkonce.s.*)
 *(.rela.sdata .rela.sdata.* .rela.gnu.linkonce.s.*)
 *(.rel.sbss .rel.sbss.* .rel.gnu.linkonce.sb.*)
 *(.rela.sbss .rela.sbss.* .rela.gnu.linkonce.sb.*)
 *(.rel.sdata2 .rel.sdata2.* .rel.gnu.linkonce.s2.*)
 *(.rela.sdata2 .rela.sdata2.* .rela.gnu.linkonce.s2.*)
 *(.rel.sbss2 .rel.sbss2.* .rel.gnu.linkonce.sb2.*)
 *(.rela.sbss2 .rela.sbss2.* .rela.gnu.linkonce.sb2.*)
 *(.rel.bss .rel.bss.* .rel.gnu.linkonce.b.*)
 *(.rela.bss .rela.bss.* .rela.gnu.linkonce.b.*)
 *(.rel.plt)
 *(.rela.plt)
 *(.rel.dyn)
 *(.init)
 *(.plt)
 *(.text .stub .text.* .gnu.linkonce.t.*)
 .text          0x00008020       0x3c ../test_HelloWorld1_bsp//obj/HAL/src/crt0.o
                0x00008020                _start
 .text          0x0000805c       0x2c obj/HelloWorld.o
                0x0000805c                main
 .text          0x00008088       0x8c ../test_HelloWorld1_bsp/\libhal_bsp.a(alt_load.o)
                0x000080a8                alt_load
 .text          0x00008114       0x2c ../test_HelloWorld1_bsp/\libhal_bsp.a(alt_main.o)
                0x00008114                alt_main
 .text          0x00008140       0x38 ../test_HelloWorld1_bsp/\libhal_bsp.a(alt_putstr.o)
                0x00008140                alt_putstr
 .text          0x00008178        0x4 ../test_HelloWorld1_bsp/\libhal_bsp.a(alt_usleep.o)
                0x00008178                usleep
 .text          0x0000817c       0x24 ../test_HelloWorld1_bsp/\libhal_bsp.a(alt_sys_init.o)
                0x0000817c                alt_sys_init
                0x00008180                alt_irq_init
 .text          0x000081a0       0x34 ../test_HelloWorld1_bsp/\libhal_bsp.a(altera_avalon_jtag_uart_write.o)
                0x000081a0                altera_avalon_jtag_uart_write
 .text          0x000081d4       0x8c ../test_HelloWorld1_bsp/\libhal_bsp.a(alt_busy_sleep.o)
                0x000081d4                alt_busy_sleep
 .text          0x00008260        0x4 ../test_HelloWorld1_bsp/\libhal_bsp.a(alt_dcache_flush_all.o)
                0x00008260                alt_dcache_flush_all
 .text          0x00008264        0x4 ../test_HelloWorld1_bsp/\libhal_bsp.a(alt_icache_flush_all.o)
                0x00008264                alt_icache_flush_all
 .text          0x00008268        0x8 ../test_HelloWorld1_bsp/\libhal_bsp.a(altera_nios2_irq.o)
                0x00008268                altera_nios2_irq_init
 .text          0x00008270       0x20 c:/altera/11.0sp1/nios2eds/bin/gnu/h-i686-mingw32/bin/../lib/gcc/nios2-elf/4.1.2/../../../../nios2-elf/lib/mno-hw-mul\libsmallc.a(lib_a-strlen.o)
                0x00008270                strlen
 .text          0x00008290      0x14c c:/altera/11.0sp1/nios2eds/bin/gnu/h-i686-mingw32/bin/../lib/gcc/nios2-elf/4.1.2/mno-hw-mul\libgcc.a(lib2-divmod.o)
                0x0000830c                __divsi3
                0x0000836c                __modsi3
                0x000083cc                __udivsi3
                0x000083d4                __umodsi3
 .text          0x000083dc       0x38 c:/altera/11.0sp1/nios2eds/bin/gnu/h-i686-mingw32/bin/../lib/gcc/nios2-elf/4.1.2/mno-hw-mul\libgcc.a(lib2-mul.o)
                0x000083dc                __mulsi3
 *(.gnu.warning.*)
 *(.fini)
                0x00008414                PROVIDE (__etext, ABSOLUTE (.))
                0x00008414                PROVIDE (_etext, ABSOLUTE (.))
                0x00008414                PROVIDE (etext, ABSOLUTE (.))
 *(.eh_frame_hdr)
                0x00008414                . = ALIGN (0x4)
                0x00008414                PROVIDE (__preinit_array_start, ABSOLUTE (.))
 *(.preinit_array)
                0x00008414                PROVIDE (__preinit_array_end, ABSOLUTE (.))
                0x00008414                PROVIDE (__init_array_start, ABSOLUTE (.))
 *(.init_array)
                0x00008414                PROVIDE (__init_array_end, ABSOLUTE (.))
                0x00008414                PROVIDE (__fini_array_start, ABSOLUTE (.))
 *(.fini_array)
                0x00008414                PROVIDE (__fini_array_end, ABSOLUTE (.))
 *(.eh_frame)
 *(.gcc_except_table)
 *(.dynamic)
                0x00008414                PROVIDE (__CTOR_LIST__, ABSOLUTE (.))
 *(.ctors)
 *(SORT(.ctors.*))
                0x00008414                PROVIDE (__CTOR_END__, ABSOLUTE (.))
                0x00008414                PROVIDE (__DTOR_LIST__, ABSOLUTE (.))
 *(.dtors)
 *(SORT(.dtors.*))
                0x00008414                PROVIDE (__DTOR_END__, ABSOLUTE (.))
 *(.jcr)
                0x00008414                . = ALIGN (0x4)

.rodata         0x00008414       0x18
                0x00008414                PROVIDE (__ram_rodata_start, ABSOLUTE (.))
                0x00008414                . = ALIGN (0x4)
 *(.rodata .rodata.* .gnu.linkonce.r.*)
 .rodata.str1.4
                0x00008414       0x18 obj/HelloWorld.o
 *(.rodata1)
                0x0000842c                . = ALIGN (0x4)
                0x0000842c                PROVIDE (__ram_rodata_end, ABSOLUTE (.))
                0x00008414                PROVIDE (__flash_rodata_start, LOADADDR (.rodata))

.rwdata         0x0000842c        0x4 load address 0x00008430
                0x0000842c                PROVIDE (__ram_rwdata_start, ABSOLUTE (.))
                0x0000842c                . = ALIGN (0x4)
 *(.got.plt)
 *(.got)
 *(.data1)
 *(.data .data.* .gnu.linkonce.d.*)
 .data          0x0000842c        0x0 ../test_HelloWorld1_bsp//obj/HAL/src/crt0.o
 .data          0x0000842c        0x0 obj/HelloWorld.o
 .data          0x0000842c        0x0 ../test_HelloWorld1_bsp/\libhal_bsp.a(alt_load.o)
 .data          0x0000842c        0x0 ../test_HelloWorld1_bsp/\libhal_bsp.a(alt_main.o)
 .data          0x0000842c        0x0 ../test_HelloWorld1_bsp/\libhal_bsp.a(alt_putstr.o)
 .data          0x0000842c        0x0 ../test_HelloWorld1_bsp/\libhal_bsp.a(alt_usleep.o)
 .data          0x0000842c        0x0 ../test_HelloWorld1_bsp/\libhal_bsp.a(alt_sys_init.o)
 .data          0x0000842c        0x0 ../test_HelloWorld1_bsp/\libhal_bsp.a(altera_avalon_jtag_uart_write.o)
 .data          0x0000842c        0x0 ../test_HelloWorld1_bsp/\libhal_bsp.a(alt_busy_sleep.o)
 .data          0x0000842c        0x0 ../test_HelloWorld1_bsp/\libhal_bsp.a(alt_dcache_flush_all.o)
 .data          0x0000842c        0x0 ../test_HelloWorld1_bsp/\libhal_bsp.a(alt_icache_flush_all.o)
 .data          0x0000842c        0x0 ../test_HelloWorld1_bsp/\libhal_bsp.a(altera_nios2_irq.o)
 .data          0x0000842c        0x0 c:/altera/11.0sp1/nios2eds/bin/gnu/h-i686-mingw32/bin/../lib/gcc/nios2-elf/4.1.2/../../../../nios2-elf/lib/mno-hw-mul\libsmallc.a(lib_a-strlen.o)
 .data          0x0000842c        0x0 c:/altera/11.0sp1/nios2eds/bin/gnu/h-i686-mingw32/bin/../lib/gcc/nios2-elf/4.1.2/mno-hw-mul\libgcc.a(lib2-divmod.o)
 .data          0x0000842c        0x0 c:/altera/11.0sp1/nios2eds/bin/gnu/h-i686-mingw32/bin/../lib/gcc/nios2-elf/4.1.2/mno-hw-mul\libgcc.a(lib2-mul.o)
                0x0001042c                _gp = ABSOLUTE ((. + 0x8000))
                0x0001042c                PROVIDE (gp, _gp)
 *(.rwdata .rwdata.*)
 *(.sdata .sdata.* .gnu.linkonce.s.*)
 .sdata         0x0000842c        0x4 ../test_HelloWorld1_bsp/\libhal_bsp.a(alt_sys_init.o)
                0x0000842c                jtag_uart_0
 *(.sdata2 .sdata2.* .gnu.linkonce.s2.*)
                0x00008430                . = ALIGN (0x4)
                0x00008430                _edata = ABSOLUTE (.)
                0x00008430                PROVIDE (edata, ABSOLUTE (.))
                0x00008430                PROVIDE (__ram_rwdata_end, ABSOLUTE (.))
                0x00008430                PROVIDE (__flash_rwdata_start, LOADADDR (.rwdata))

.bss            0x00008434        0xc
                0x00008434                __bss_start = ABSOLUTE (.)
                0x00008434                PROVIDE (__sbss_start, ABSOLUTE (.))
                0x00008434                PROVIDE (___sbss_start, ABSOLUTE (.))
 *(.dynsbss)
 *(.sbss .sbss.* .gnu.linkonce.sb.*)
 .sbss          0x00008434        0xc ../test_HelloWorld1_bsp/\libhal_bsp.a(alt_main.o)
                0x00008434                alt_argc
                0x00008438                alt_argv
                0x0000843c                alt_envp
 *(.sbss2 .sbss2.* .gnu.linkonce.sb2.*)
 *(.scommon)
                0x00008440                PROVIDE (__sbss_end, ABSOLUTE (.))
                0x00008440                PROVIDE (___sbss_end, ABSOLUTE (.))
 *(.dynbss)
 *(.bss .bss.* .gnu.linkonce.b.*)
 .bss           0x00008440        0x0 ../test_HelloWorld1_bsp//obj/HAL/src/crt0.o
 .bss           0x00008440        0x0 obj/HelloWorld.o
 .bss           0x00008440        0x0 ../test_HelloWorld1_bsp/\libhal_bsp.a(alt_load.o)
 .bss           0x00008440        0x0 ../test_HelloWorld1_bsp/\libhal_bsp.a(alt_main.o)
 .bss           0x00008440        0x0 ../test_HelloWorld1_bsp/\libhal_bsp.a(alt_putstr.o)
 .bss           0x00008440        0x0 ../test_HelloWorld1_bsp/\libhal_bsp.a(alt_usleep.o)
 .bss           0x00008440        0x0 ../test_HelloWorld1_bsp/\libhal_bsp.a(alt_sys_init.o)
 .bss           0x00008440        0x0 ../test_HelloWorld1_bsp/\libhal_bsp.a(altera_avalon_jtag_uart_write.o)
 .bss           0x00008440        0x0 ../test_HelloWorld1_bsp/\libhal_bsp.a(alt_busy_sleep.o)
 .bss           0x00008440        0x0 ../test_HelloWorld1_bsp/\libhal_bsp.a(alt_dcache_flush_all.o)
 .bss           0x00008440        0x0 ../test_HelloWorld1_bsp/\libhal_bsp.a(alt_icache_flush_all.o)
 .bss           0x00008440        0x0 ../test_HelloWorld1_bsp/\libhal_bsp.a(altera_nios2_irq.o)
 .bss           0x00008440        0x0 c:/altera/11.0sp1/nios2eds/bin/gnu/h-i686-mingw32/bin/../lib/gcc/nios2-elf/4.1.2/../../../../nios2-elf/lib/mno-hw-mul\libsmallc.a(lib_a-strlen.o)
 .bss           0x00008440        0x0 c:/altera/11.0sp1/nios2eds/bin/gnu/h-i686-mingw32/bin/../lib/gcc/nios2-elf/4.1.2/mno-hw-mul\libgcc.a(lib2-divmod.o)
 .bss           0x00008440        0x0 c:/altera/11.0sp1/nios2eds/bin/gnu/h-i686-mingw32/bin/../lib/gcc/nios2-elf/4.1.2/mno-hw-mul\libgcc.a(lib2-mul.o)
 *(COMMON)
                0x00008440                . = ALIGN (0x4)
                0x00008440                __bss_end = ABSOLUTE (.)

.onchip_memory2_0
                0x00008440        0x0
                0x00008440                PROVIDE (_alt_partition_onchip_memory2_0_start, ABSOLUTE (.))
 *(.onchip_memory2_0. onchip_memory2_0.*)
                0x00008440                . = ALIGN (0x4)
                0x00008440                PROVIDE (_alt_partition_onchip_memory2_0_end, ABSOLUTE (.))
                0x00008440                _end = ABSOLUTE (.)
                0x00008440                end = ABSOLUTE (.)
                0x00008440                __alt_stack_base = ABSOLUTE (.)
                0x00008440                PROVIDE (_alt_partition_onchip_memory2_0_load_addr, LOADADDR (.onchip_memory2_0))

.stab
 *(.stab)

.stabstr
 *(.stabstr)

.stab.excl
 *(.stab.excl)

.stab.exclstr
 *(.stab.exclstr)

.stab.index
 *(.stab.index)

.stab.indexstr
 *(.stab.indexstr)

.comment        0x00000000       0x26
 *(.comment)
 .comment       0x00000000       0x26 obj/HelloWorld.o
                                 0x27 (size before relaxing)
 .comment       0x00000000       0x27 ../test_HelloWorld1_bsp/\libhal_bsp.a(alt_load.o)
 .comment       0x00000000       0x27 ../test_HelloWorld1_bsp/\libhal_bsp.a(alt_main.o)
 .comment       0x00000000       0x27 ../test_HelloWorld1_bsp/\libhal_bsp.a(alt_putstr.o)
 .comment       0x00000000       0x27 ../test_HelloWorld1_bsp/\libhal_bsp.a(alt_usleep.o)
 .comment       0x00000000       0x27 ../test_HelloWorld1_bsp/\libhal_bsp.a(alt_sys_init.o)
 .comment       0x00000000       0x27 ../test_HelloWorld1_bsp/\libhal_bsp.a(altera_avalon_jtag_uart_write.o)
 .comment       0x00000000       0x27 ../test_HelloWorld1_bsp/\libhal_bsp.a(alt_busy_sleep.o)
 .comment       0x00000000       0x27 ../test_HelloWorld1_bsp/\libhal_bsp.a(alt_dcache_flush_all.o)
 .comment       0x00000000       0x27 ../test_HelloWorld1_bsp/\libhal_bsp.a(alt_icache_flush_all.o)
 .comment       0x00000000       0x27 ../test_HelloWorld1_bsp/\libhal_bsp.a(altera_nios2_irq.o)
 .comment       0x00000000       0x27 c:/altera/11.0sp1/nios2eds/bin/gnu/h-i686-mingw32/bin/../lib/gcc/nios2-elf/4.1.2/../../../../nios2-elf/lib/mno-hw-mul\libsmallc.a(lib_a-strlen.o)
 .comment       0x00000000       0x27 c:/altera/11.0sp1/nios2eds/bin/gnu/h-i686-mingw32/bin/../lib/gcc/nios2-elf/4.1.2/mno-hw-mul\libgcc.a(lib2-divmod.o)
 .comment       0x00000000       0x27 c:/altera/11.0sp1/nios2eds/bin/gnu/h-i686-mingw32/bin/../lib/gcc/nios2-elf/4.1.2/mno-hw-mul\libgcc.a(lib2-mul.o)

.debug
 *(.debug)

.line
 *(.line)

.debug_srcinfo
 *(.debug_srcinfo)

.debug_sfnames
 *(.debug_sfnames)

.debug_aranges  0x00000000      0x1e8
 *(.debug_aranges)
 .debug_aranges
                0x00000000       0x28 ../test_HelloWorld1_bsp//obj/HAL/src/crt0.o
 .debug_aranges
                0x00000028       0x20 obj/HelloWorld.o
 .debug_aranges
                0x00000048       0x20 ../test_HelloWorld1_bsp/\libhal_bsp.a(alt_load.o)
 .debug_aranges
                0x00000068       0x20 ../test_HelloWorld1_bsp/\libhal_bsp.a(alt_main.o)
 .debug_aranges
                0x00000088       0x20 ../test_HelloWorld1_bsp/\libhal_bsp.a(alt_putstr.o)
 .debug_aranges
                0x000000a8       0x20 ../test_HelloWorld1_bsp/\libhal_bsp.a(alt_usleep.o)
 .debug_aranges
                0x000000c8       0x20 ../test_HelloWorld1_bsp/\libhal_bsp.a(alt_sys_init.o)
 .debug_aranges
                0x000000e8       0x20 ../test_HelloWorld1_bsp/\libhal_bsp.a(altera_avalon_jtag_uart_write.o)
 .debug_aranges
                0x00000108       0x20 ../test_HelloWorld1_bsp/\libhal_bsp.a(alt_busy_sleep.o)
 .debug_aranges
                0x00000128       0x20 ../test_HelloWorld1_bsp/\libhal_bsp.a(alt_dcache_flush_all.o)
 .debug_aranges
                0x00000148       0x20 ../test_HelloWorld1_bsp/\libhal_bsp.a(alt_icache_flush_all.o)
 .debug_aranges
                0x00000168       0x20 ../test_HelloWorld1_bsp/\libhal_bsp.a(altera_nios2_irq.o)
 .debug_aranges
                0x00000188       0x20 c:/altera/11.0sp1/nios2eds/bin/gnu/h-i686-mingw32/bin/../lib/gcc/nios2-elf/4.1.2/../../../../nios2-elf/lib/mno-hw-mul\libsmallc.a(lib_a-strlen.o)
 .debug_aranges
                0x000001a8       0x20 c:/altera/11.0sp1/nios2eds/bin/gnu/h-i686-mingw32/bin/../lib/gcc/nios2-elf/4.1.2/mno-hw-mul\libgcc.a(lib2-divmod.o)
 .debug_aranges
                0x000001c8       0x20 c:/altera/11.0sp1/nios2eds/bin/gnu/h-i686-mingw32/bin/../lib/gcc/nios2-elf/4.1.2/mno-hw-mul\libgcc.a(lib2-mul.o)

.debug_pubnames
                0x00000000      0x261
 *(.debug_pubnames)
 .debug_pubnames
                0x00000000       0x1b obj/HelloWorld.o
 .debug_pubnames
                0x0000001b       0x1f ../test_HelloWorld1_bsp/\libhal_bsp.a(alt_load.o)
 .debug_pubnames
                0x0000003a       0x46 ../test_HelloWorld1_bsp/\libhal_bsp.a(alt_main.o)
 .debug_pubnames
                0x00000080       0x21 ../test_HelloWorld1_bsp/\libhal_bsp.a(alt_putstr.o)
 .debug_pubnames
                0x000000a1       0x1d ../test_HelloWorld1_bsp/\libhal_bsp.a(alt_usleep.o)
 .debug_pubnames
                0x000000be       0x44 ../test_HelloWorld1_bsp/\libhal_bsp.a(alt_sys_init.o)
 .debug_pubnames
                0x00000102       0x34 ../test_HelloWorld1_bsp/\libhal_bsp.a(altera_avalon_jtag_uart_write.o)
 .debug_pubnames
                0x00000136       0x25 ../test_HelloWorld1_bsp/\libhal_bsp.a(alt_busy_sleep.o)
 .debug_pubnames
                0x0000015b       0x2b ../test_HelloWorld1_bsp/\libhal_bsp.a(alt_dcache_flush_all.o)
 .debug_pubnames
                0x00000186       0x2b ../test_HelloWorld1_bsp/\libhal_bsp.a(alt_icache_flush_all.o)
 .debug_pubnames
                0x000001b1       0x2c ../test_HelloWorld1_bsp/\libhal_bsp.a(altera_nios2_irq.o)
 .debug_pubnames
                0x000001dd       0x1d c:/altera/11.0sp1/nios2eds/bin/gnu/h-i686-mingw32/bin/../lib/gcc/nios2-elf/4.1.2/../../../../nios2-elf/lib/mno-hw-mul\libsmallc.a(lib_a-strlen.o)
 .debug_pubnames
                0x000001fa       0x48 c:/altera/11.0sp1/nios2eds/bin/gnu/h-i686-mingw32/bin/../lib/gcc/nios2-elf/4.1.2/mno-hw-mul\libgcc.a(lib2-divmod.o)
 .debug_pubnames
                0x00000242       0x1f c:/altera/11.0sp1/nios2eds/bin/gnu/h-i686-mingw32/bin/../lib/gcc/nios2-elf/4.1.2/mno-hw-mul\libgcc.a(lib2-mul.o)

.debug_info     0x00000000      0xe34
 *(.debug_info .gnu.linkonce.wi.*)
 .debug_info    0x00000000       0x8b ../test_HelloWorld1_bsp//obj/HAL/src/crt0.o
 .debug_info    0x0000008b       0x92 obj/HelloWorld.o
 .debug_info    0x0000011d      0x12e ../test_HelloWorld1_bsp/\libhal_bsp.a(alt_load.o)
 .debug_info    0x0000024b      0x125 ../test_HelloWorld1_bsp/\libhal_bsp.a(alt_main.o)
 .debug_info    0x00000370       0xc5 ../test_HelloWorld1_bsp/\libhal_bsp.a(alt_putstr.o)
 .debug_info    0x00000435       0xab ../test_HelloWorld1_bsp/\libhal_bsp.a(alt_usleep.o)
 .debug_info    0x000004e0      0x17d ../test_HelloWorld1_bsp/\libhal_bsp.a(alt_sys_init.o)
 .debug_info    0x0000065d      0x18f ../test_HelloWorld1_bsp/\libhal_bsp.a(altera_avalon_jtag_uart_write.o)
 .debug_info    0x000007ec       0xd0 ../test_HelloWorld1_bsp/\libhal_bsp.a(alt_busy_sleep.o)
 .debug_info    0x000008bc       0x8d ../test_HelloWorld1_bsp/\libhal_bsp.a(alt_dcache_flush_all.o)
 .debug_info    0x00000949       0x8d ../test_HelloWorld1_bsp/\libhal_bsp.a(alt_icache_flush_all.o)
 .debug_info    0x000009d6       0x8d ../test_HelloWorld1_bsp/\libhal_bsp.a(altera_nios2_irq.o)
 .debug_info    0x00000a63       0xc2 c:/altera/11.0sp1/nios2eds/bin/gnu/h-i686-mingw32/bin/../lib/gcc/nios2-elf/4.1.2/../../../../nios2-elf/lib/mno-hw-mul\libsmallc.a(lib_a-strlen.o)
 .debug_info    0x00000b25      0x21c c:/altera/11.0sp1/nios2eds/bin/gnu/h-i686-mingw32/bin/../lib/gcc/nios2-elf/4.1.2/mno-hw-mul\libgcc.a(lib2-divmod.o)
 .debug_info    0x00000d41       0xf3 c:/altera/11.0sp1/nios2eds/bin/gnu/h-i686-mingw32/bin/../lib/gcc/nios2-elf/4.1.2/mno-hw-mul\libgcc.a(lib2-mul.o)

.debug_abbrev   0x00000000      0x745
 *(.debug_abbrev)
 .debug_abbrev  0x00000000       0x12 ../test_HelloWorld1_bsp//obj/HAL/src/crt0.o
 .debug_abbrev  0x00000012       0x3f obj/HelloWorld.o
 .debug_abbrev  0x00000051       0x97 ../test_HelloWorld1_bsp/\libhal_bsp.a(alt_load.o)
 .debug_abbrev  0x000000e8       0xa6 ../test_HelloWorld1_bsp/\libhal_bsp.a(alt_main.o)
 .debug_abbrev  0x0000018e       0x7c ../test_HelloWorld1_bsp/\libhal_bsp.a(alt_putstr.o)
 .debug_abbrev  0x0000020a       0x5d ../test_HelloWorld1_bsp/\libhal_bsp.a(alt_usleep.o)
 .debug_abbrev  0x00000267       0xe3 ../test_HelloWorld1_bsp/\libhal_bsp.a(alt_sys_init.o)
 .debug_abbrev  0x0000034a       0xf0 ../test_HelloWorld1_bsp/\libhal_bsp.a(altera_avalon_jtag_uart_write.o)
 .debug_abbrev  0x0000043a       0x79 ../test_HelloWorld1_bsp/\libhal_bsp.a(alt_busy_sleep.o)
 .debug_abbrev  0x000004b3       0x3f ../test_HelloWorld1_bsp/\libhal_bsp.a(alt_dcache_flush_all.o)
 .debug_abbrev  0x000004f2       0x3f ../test_HelloWorld1_bsp/\libhal_bsp.a(alt_icache_flush_all.o)
 .debug_abbrev  0x00000531       0x3f ../test_HelloWorld1_bsp/\libhal_bsp.a(altera_nios2_irq.o)
 .debug_abbrev  0x00000570       0x7a c:/altera/11.0sp1/nios2eds/bin/gnu/h-i686-mingw32/bin/../lib/gcc/nios2-elf/4.1.2/../../../../nios2-elf/lib/mno-hw-mul\libsmallc.a(lib_a-strlen.o)
 .debug_abbrev  0x000005ea       0xe0 c:/altera/11.0sp1/nios2eds/bin/gnu/h-i686-mingw32/bin/../lib/gcc/nios2-elf/4.1.2/mno-hw-mul\libgcc.a(lib2-divmod.o)
 .debug_abbrev  0x000006ca       0x7b c:/altera/11.0sp1/nios2eds/bin/gnu/h-i686-mingw32/bin/../lib/gcc/nios2-elf/4.1.2/mno-hw-mul\libgcc.a(lib2-mul.o)

.debug_line     0x00000000     0x1dc3
 *(.debug_line)
 .debug_line    0x00000000       0x66 ../test_HelloWorld1_bsp//obj/HAL/src/crt0.o
 .debug_line    0x00000066      0x1e5 obj/HelloWorld.o
 .debug_line    0x0000024b      0x217 ../test_HelloWorld1_bsp/\libhal_bsp.a(alt_load.o)
 .debug_line    0x00000462      0x2c2 ../test_HelloWorld1_bsp/\libhal_bsp.a(alt_main.o)
 .debug_line    0x00000724      0x1d9 ../test_HelloWorld1_bsp/\libhal_bsp.a(alt_putstr.o)
 .debug_line    0x000008fd      0x202 ../test_HelloWorld1_bsp/\libhal_bsp.a(alt_usleep.o)
 .debug_line    0x00000aff      0x286 ../test_HelloWorld1_bsp/\libhal_bsp.a(alt_sys_init.o)
 .debug_line    0x00000d85      0x2f4 ../test_HelloWorld1_bsp/\libhal_bsp.a(altera_avalon_jtag_uart_write.o)
 .debug_line    0x00001079      0x25e ../test_HelloWorld1_bsp/\libhal_bsp.a(alt_busy_sleep.o)
 .debug_line    0x000012d7      0x1b5 ../test_HelloWorld1_bsp/\libhal_bsp.a(alt_dcache_flush_all.o)
 .debug_line    0x0000148c      0x1b5 ../test_HelloWorld1_bsp/\libhal_bsp.a(alt_icache_flush_all.o)
 .debug_line    0x00001641      0x1c9 ../test_HelloWorld1_bsp/\libhal_bsp.a(altera_nios2_irq.o)
 .debug_line    0x0000180a      0x250 c:/altera/11.0sp1/nios2eds/bin/gnu/h-i686-mingw32/bin/../lib/gcc/nios2-elf/4.1.2/../../../../nios2-elf/lib/mno-hw-mul\libsmallc.a(lib_a-strlen.o)
 .debug_line    0x00001a5a      0x24f c:/altera/11.0sp1/nios2eds/bin/gnu/h-i686-mingw32/bin/../lib/gcc/nios2-elf/4.1.2/mno-hw-mul\libgcc.a(lib2-divmod.o)
 .debug_line    0x00001ca9      0x11a c:/altera/11.0sp1/nios2eds/bin/gnu/h-i686-mingw32/bin/../lib/gcc/nios2-elf/4.1.2/mno-hw-mul\libgcc.a(lib2-mul.o)

.debug_frame    0x00000000      0x260
 *(.debug_frame)
 .debug_frame   0x00000000       0x28 obj/HelloWorld.o
 .debug_frame   0x00000028       0x38 ../test_HelloWorld1_bsp/\libhal_bsp.a(alt_load.o)
 .debug_frame   0x00000060       0x28 ../test_HelloWorld1_bsp/\libhal_bsp.a(alt_main.o)
 .debug_frame   0x00000088       0x28 ../test_HelloWorld1_bsp/\libhal_bsp.a(alt_putstr.o)
 .debug_frame   0x000000b0       0x20 ../test_HelloWorld1_bsp/\libhal_bsp.a(alt_usleep.o)
 .debug_frame   0x000000d0       0x38 ../test_HelloWorld1_bsp/\libhal_bsp.a(alt_sys_init.o)
 .debug_frame   0x00000108       0x20 ../test_HelloWorld1_bsp/\libhal_bsp.a(altera_avalon_jtag_uart_write.o)
 .debug_frame   0x00000128       0x28 ../test_HelloWorld1_bsp/\libhal_bsp.a(alt_busy_sleep.o)
 .debug_frame   0x00000150       0x20 ../test_HelloWorld1_bsp/\libhal_bsp.a(alt_dcache_flush_all.o)
 .debug_frame   0x00000170       0x20 ../test_HelloWorld1_bsp/\libhal_bsp.a(alt_icache_flush_all.o)
 .debug_frame   0x00000190       0x20 ../test_HelloWorld1_bsp/\libhal_bsp.a(altera_nios2_irq.o)
 .debug_frame   0x000001b0       0x20 c:/altera/11.0sp1/nios2eds/bin/gnu/h-i686-mingw32/bin/../lib/gcc/nios2-elf/4.1.2/../../../../nios2-elf/lib/mno-hw-mul\libsmallc.a(lib_a-strlen.o)
 .debug_frame   0x000001d0       0x70 c:/altera/11.0sp1/nios2eds/bin/gnu/h-i686-mingw32/bin/../lib/gcc/nios2-elf/4.1.2/mno-hw-mul\libgcc.a(lib2-divmod.o)
 .debug_frame   0x00000240       0x20 c:/altera/11.0sp1/nios2eds/bin/gnu/h-i686-mingw32/bin/../lib/gcc/nios2-elf/4.1.2/mno-hw-mul\libgcc.a(lib2-mul.o)

.debug_str      0x00000000      0x6d3
 *(.debug_str)
 .debug_str     0x00000000       0xbf obj/HelloWorld.o
                                 0xfd (size before relaxing)
 .debug_str     0x000000bf      0x14b ../test_HelloWorld1_bsp/\libhal_bsp.a(alt_load.o)
                                0x1e0 (size before relaxing)
 .debug_str     0x0000020a       0x75 ../test_HelloWorld1_bsp/\libhal_bsp.a(alt_main.o)
                                0x164 (size before relaxing)
 .debug_str     0x0000027f       0x4c ../test_HelloWorld1_bsp/\libhal_bsp.a(alt_putstr.o)
                                0x13b (size before relaxing)
 .debug_str     0x000002cb       0x27 ../test_HelloWorld1_bsp/\libhal_bsp.a(alt_usleep.o)
                                0x116 (size before relaxing)
 .debug_str     0x000002f2       0x85 ../test_HelloWorld1_bsp/\libhal_bsp.a(alt_sys_init.o)
                                0x1d9 (size before relaxing)
 .debug_str     0x00000377       0x56 ../test_HelloWorld1_bsp/\libhal_bsp.a(altera_avalon_jtag_uart_write.o)
                                0x1dc (size before relaxing)
 .debug_str     0x000003cd       0x42 ../test_HelloWorld1_bsp/\libhal_bsp.a(alt_busy_sleep.o)
                                0x139 (size before relaxing)
 .debug_str     0x0000040f       0x34 ../test_HelloWorld1_bsp/\libhal_bsp.a(alt_dcache_flush_all.o)
                                0x123 (size before relaxing)
 .debug_str     0x00000443       0x34 ../test_HelloWorld1_bsp/\libhal_bsp.a(alt_icache_flush_all.o)
                                0x123 (size before relaxing)
 .debug_str     0x00000477       0x31 ../test_HelloWorld1_bsp/\libhal_bsp.a(altera_nios2_irq.o)
                                0x120 (size before relaxing)
 .debug_str     0x000004a8       0xe9 c:/altera/11.0sp1/nios2eds/bin/gnu/h-i686-mingw32/bin/../lib/gcc/nios2-elf/4.1.2/../../../../nios2-elf/lib/mno-hw-mul\libsmallc.a(lib_a-strlen.o)
                                0x184 (size before relaxing)
 .debug_str     0x00000591      0x10b c:/altera/11.0sp1/nios2eds/bin/gnu/h-i686-mingw32/bin/../lib/gcc/nios2-elf/4.1.2/mno-hw-mul\libgcc.a(lib2-divmod.o)
                                0x1b4 (size before relaxing)
 .debug_str     0x0000069c       0x37 c:/altera/11.0sp1/nios2eds/bin/gnu/h-i686-mingw32/bin/../lib/gcc/nios2-elf/4.1.2/mno-hw-mul\libgcc.a(lib2-mul.o)
                                0x175 (size before relaxing)

.debug_loc      0x00000000      0x39f
 *(.debug_loc)
 .debug_loc     0x00000000       0x1f obj/HelloWorld.o
 .debug_loc     0x0000001f       0x1f ../test_HelloWorld1_bsp/\libhal_bsp.a(alt_load.o)
 .debug_loc     0x0000003e       0x1f ../test_HelloWorld1_bsp/\libhal_bsp.a(alt_main.o)
 .debug_loc     0x0000005d       0x48 ../test_HelloWorld1_bsp/\libhal_bsp.a(alt_putstr.o)
 .debug_loc     0x000000a5       0x13 ../test_HelloWorld1_bsp/\libhal_bsp.a(alt_usleep.o)
 .debug_loc     0x000000b8       0x32 ../test_HelloWorld1_bsp/\libhal_bsp.a(alt_sys_init.o)
 .debug_loc     0x000000ea       0x26 ../test_HelloWorld1_bsp/\libhal_bsp.a(altera_avalon_jtag_uart_write.o)
 .debug_loc     0x00000110       0x50 ../test_HelloWorld1_bsp/\libhal_bsp.a(alt_busy_sleep.o)
 .debug_loc     0x00000160       0x1e c:/altera/11.0sp1/nios2eds/bin/gnu/h-i686-mingw32/bin/../lib/gcc/nios2-elf/4.1.2/../../../../nios2-elf/lib/mno-hw-mul\libsmallc.a(lib_a-strlen.o)
 .debug_loc     0x0000017e      0x1d2 c:/altera/11.0sp1/nios2eds/bin/gnu/h-i686-mingw32/bin/../lib/gcc/nios2-elf/4.1.2/mno-hw-mul\libgcc.a(lib2-divmod.o)
 .debug_loc     0x00000350       0x4f c:/altera/11.0sp1/nios2eds/bin/gnu/h-i686-mingw32/bin/../lib/gcc/nios2-elf/4.1.2/mno-hw-mul\libgcc.a(lib2-mul.o)

.debug_macinfo
 *(.debug_macinfo)

.debug_weaknames
 *(.debug_weaknames)

.debug_funcnames
 *(.debug_funcnames)

.debug_typenames
 *(.debug_typenames)

.debug_varnames
 *(.debug_varnames)

.debug_alt_sim_info
                0x00000000       0x40
 *(.debug_alt_sim_info)
 .debug_alt_sim_info
                0x00000000       0x10 ../test_HelloWorld1_bsp//obj/HAL/src/crt0.o
 .debug_alt_sim_info
                0x00000010       0x30 ../test_HelloWorld1_bsp/\libhal_bsp.a(alt_busy_sleep.o)
                0x0000ce20                __alt_data_end = 0xce20
                0x0000ce20                PROVIDE (__alt_stack_pointer, __alt_data_end)
                0x00008440                PROVIDE (__alt_stack_limit, __alt_stack_base)
                0x00008440                PROVIDE (__alt_heap_start, end)
                0x0000ce20                PROVIDE (__alt_heap_limit, 0xce20)
OUTPUT(test_HelloWorld1.elf elf32-littlenios2)

.debug_ranges   0x00000000       0x20
 .debug_ranges  0x00000000       0x20 ../test_HelloWorld1_bsp//obj/HAL/src/crt0.o
