--------------------------------------------------------------------------------------
Timing Analyzer Summary
--------------------------------------------------------------------------------------

Type           : Worst-case tsu
Slack          : N/A
Required Time  : None
Actual Time    : 5.633 ns
From           : in_pwm_compas
To             : cap_mae:MAE|etat_present.etat2
From Clock     : --
To Clock       : clk_50M
Failed Paths   : 0

Type           : Worst-case tco
Slack          : N/A
Required Time  : None
Actual Time    : 10.325 ns
From           : cap_mae:MAE|etat_present.etat2
To             : etat_mae[0]
From Clock     : clk_50M
To Clock       : --
Failed Paths   : 0

Type           : Worst-case th
Slack          : N/A
Required Time  : None
Actual Time    : -0.274 ns
From           : continu
To             : cap_mae:MAE|etat_present.etat1
From Clock     : --
To Clock       : clk_50M
Failed Paths   : 0

Type           : Clock Setup: 'clk_50M'
Slack          : N/A
Required Time  : None
Actual Time    : 165.26 MHz ( period = 6.051 ns )
From           : cpt:compteur|nombre[1]
To             : bascule_D:bascule|Q[8]
From Clock     : clk_50M
To Clock       : clk_50M
Failed Paths   : 0

Type           : Clock Hold: 'clk_50M'
Slack          : Not operational: Clock Skew > Data Delay
Required Time  : None
Actual Time    : N/A
From           : cap_mae:MAE|etat_present.etat4
To             : cpt:compteur|nombre[1]
From Clock     : clk_50M
To Clock       : clk_50M
Failed Paths   : 27

Type           : Total number of failed paths
Slack          : 
Required Time  : 
Actual Time    : 
From           : 
To             : 
From Clock     : 
To Clock       : 
Failed Paths   : 27

--------------------------------------------------------------------------------------

