Simulator report for conversion_compas
Fri Jan 07 18:22:29 2022
Quartus II Version 9.1 Build 350 03/24/2010 Service Pack 2 SJ Web Edition


---------------------
; Table of Contents ;
---------------------
  1. Legal Notice
  2. Simulator Summary
  3. Simulator Settings
  4. Simulation Waveforms
  5. Coverage Summary
  6. Complete 1/0-Value Coverage
  7. Missing 1-Value Coverage
  8. Missing 0-Value Coverage
  9. Simulator INI Usage
 10. Simulator Messages



----------------
; Legal Notice ;
----------------
Copyright (C) 1991-2010 Altera Corporation
Your use of Altera Corporation's design tools, logic functions 
and other software and tools, and its AMPP partner logic 
functions, and any output files from any of the foregoing 
(including device programming or simulation files), and any 
associated documentation or information are expressly subject 
to the terms and conditions of the Altera Program License 
Subscription Agreement, Altera MegaCore Function License 
Agreement, or other applicable license agreement, including, 
without limitation, that your use is for the sole purpose of 
programming logic devices manufactured by Altera and sold by 
Altera or its authorized distributors.  Please refer to the 
applicable agreement for further details.



+--------------------------------------------+
; Simulator Summary                          ;
+-----------------------------+--------------+
; Type                        ; Value        ;
+-----------------------------+--------------+
; Simulation Start Time       ; 0 ps         ;
; Simulation End Time         ; 1.0 us       ;
; Simulation Netlist Size     ; 51 nodes     ;
; Simulation Coverage         ;       5.17 % ;
; Total Number of Transitions ; 597          ;
; Simulation Breakpoints      ; 0            ;
; Family                      ; Cyclone II   ;
; Device                      ; EP2C35F672C6 ;
+-----------------------------+--------------+


+-----------------------------------------------------------------------------------------------------------------------------------------+
; Simulator Settings                                                                                                                      ;
+--------------------------------------------------------------------------------------------+----------------------------+---------------+
; Option                                                                                     ; Setting                    ; Default Value ;
+--------------------------------------------------------------------------------------------+----------------------------+---------------+
; Simulation mode                                                                            ; Timing                     ; Timing        ;
; Start time                                                                                 ; 0 ns                       ; 0 ns          ;
; Simulation results format                                                                  ; CVWF                       ;               ;
; Vector input source                                                                        ; conversion_compas_simu.vwf ;               ;
; Add pins automatically to simulation output waveforms                                      ; On                         ; On            ;
; Check outputs                                                                              ; Off                        ; Off           ;
; Report simulation coverage                                                                 ; On                         ; On            ;
; Display complete 1/0 value coverage report                                                 ; On                         ; On            ;
; Display missing 1-value coverage report                                                    ; On                         ; On            ;
; Display missing 0-value coverage report                                                    ; On                         ; On            ;
; Detect setup and hold time violations                                                      ; Off                        ; Off           ;
; Detect glitches                                                                            ; Off                        ; Off           ;
; Disable timing delays in Timing Simulation                                                 ; Off                        ; Off           ;
; Generate Signal Activity File                                                              ; Off                        ; Off           ;
; Generate VCD File for PowerPlay Power Analyzer                                             ; Off                        ; Off           ;
; Group bus channels in simulation results                                                   ; Off                        ; Off           ;
; Preserve fewer signal transitions to reduce memory requirements                            ; On                         ; On            ;
; Trigger vector comparison with the specified mode                                          ; INPUT_EDGE                 ; INPUT_EDGE    ;
; Disable setup and hold time violations detection in input registers of bi-directional pins ; Off                        ; Off           ;
; Overwrite Waveform Inputs With Simulation Outputs                                          ; On                         ;               ;
; Perform Glitch Filtering in Timing Simulation                                              ; Auto                       ; Auto          ;
+--------------------------------------------------------------------------------------------+----------------------------+---------------+


+----------------------+
; Simulation Waveforms ;
+----------------------+
Waveform report data cannot be output to ASCII.
Please use Quartus II to view the waveform report data.


+--------------------------------------------------------------------+
; Coverage Summary                                                   ;
+-----------------------------------------------------+--------------+
; Type                                                ; Value        ;
+-----------------------------------------------------+--------------+
; Total coverage as a percentage                      ;       5.17 % ;
; Total nodes checked                                 ; 51           ;
; Total output ports checked                          ; 58           ;
; Total output ports with complete 1/0-value coverage ; 3            ;
; Total output ports with no 1/0-value coverage       ; 55           ;
; Total output ports with no 1-value coverage         ; 55           ;
; Total output ports with no 0-value coverage         ; 55           ;
+-----------------------------------------------------+--------------+


The following table displays output ports that toggle between 1 and 0 during simulation.
+------------------------------------------------------------------------------------------------------+
; Complete 1/0-Value Coverage                                                                          ;
+-----------------------------------------+-----------------------------------------+------------------+
; Node Name                               ; Output Port Name                        ; Output Port Type ;
+-----------------------------------------+-----------------------------------------+------------------+
; |conversion_compas|etat_suivant.etat1~0 ; |conversion_compas|etat_suivant.etat1~0 ; combout          ;
; |conversion_compas|in_pwm               ; |conversion_compas|in_pwm~corein        ; combout          ;
; |conversion_compas|clk                  ; |conversion_compas|clk~corein           ; combout          ;
+-----------------------------------------+-----------------------------------------+------------------+


The following table displays output ports that do not toggle to 1 during simulation.
+------------------------------------------------------------------------------------------------------------------+
; Missing 1-Value Coverage                                                                                         ;
+-----------------------------------------------+-----------------------------------------------+------------------+
; Node Name                                     ; Output Port Name                              ; Output Port Type ;
+-----------------------------------------------+-----------------------------------------------+------------------+
; |conversion_compas|Add0~0                     ; |conversion_compas|Add0~0                     ; combout          ;
; |conversion_compas|Add0~0                     ; |conversion_compas|Add0~1                     ; cout             ;
; |conversion_compas|Add0~3                     ; |conversion_compas|Add0~3                     ; combout          ;
; |conversion_compas|Add0~3                     ; |conversion_compas|Add0~4                     ; cout             ;
; |conversion_compas|Add0~6                     ; |conversion_compas|Add0~6                     ; combout          ;
; |conversion_compas|Add0~6                     ; |conversion_compas|Add0~7                     ; cout             ;
; |conversion_compas|Add0~9                     ; |conversion_compas|Add0~9                     ; combout          ;
; |conversion_compas|Add0~9                     ; |conversion_compas|Add0~10                    ; cout             ;
; |conversion_compas|Add0~12                    ; |conversion_compas|Add0~12                    ; combout          ;
; |conversion_compas|Add0~12                    ; |conversion_compas|Add0~13                    ; cout             ;
; |conversion_compas|Add0~15                    ; |conversion_compas|Add0~15                    ; combout          ;
; |conversion_compas|Add0~15                    ; |conversion_compas|Add0~16                    ; cout             ;
; |conversion_compas|Add0~18                    ; |conversion_compas|Add0~18                    ; combout          ;
; |conversion_compas|Add0~18                    ; |conversion_compas|Add0~19                    ; cout             ;
; |conversion_compas|Add0~21                    ; |conversion_compas|Add0~21                    ; combout          ;
; |conversion_compas|etat_present.etat1         ; |conversion_compas|etat_present.etat1         ; regout           ;
; |conversion_compas|etat_present.etat2         ; |conversion_compas|etat_present.etat2         ; regout           ;
; |conversion_compas|Add0~2                     ; |conversion_compas|Add0~2                     ; combout          ;
; |conversion_compas|Add0~5                     ; |conversion_compas|Add0~5                     ; combout          ;
; |conversion_compas|Add0~8                     ; |conversion_compas|Add0~8                     ; combout          ;
; |conversion_compas|Add0~11                    ; |conversion_compas|Add0~11                    ; combout          ;
; |conversion_compas|Add0~14                    ; |conversion_compas|Add0~14                    ; combout          ;
; |conversion_compas|Add0~17                    ; |conversion_compas|Add0~17                    ; combout          ;
; |conversion_compas|Add0~20                    ; |conversion_compas|Add0~20                    ; combout          ;
; |conversion_compas|Add0~23                    ; |conversion_compas|Add0~23                    ; combout          ;
; |conversion_compas|Selector1~0                ; |conversion_compas|Selector1~0                ; combout          ;
; |conversion_compas|icpt[0]                    ; |conversion_compas|icpt[0]                    ; combout          ;
; |conversion_compas|icpt[1]                    ; |conversion_compas|icpt[1]                    ; combout          ;
; |conversion_compas|icpt[2]                    ; |conversion_compas|icpt[2]                    ; combout          ;
; |conversion_compas|icpt[3]                    ; |conversion_compas|icpt[3]                    ; combout          ;
; |conversion_compas|icpt[4]                    ; |conversion_compas|icpt[4]                    ; combout          ;
; |conversion_compas|icpt[5]                    ; |conversion_compas|icpt[5]                    ; combout          ;
; |conversion_compas|icpt[6]                    ; |conversion_compas|icpt[6]                    ; combout          ;
; |conversion_compas|icpt[7]                    ; |conversion_compas|icpt[7]                    ; combout          ;
; |conversion_compas|cpt[0]                     ; |conversion_compas|cpt[0]                     ; padio            ;
; |conversion_compas|cpt[1]                     ; |conversion_compas|cpt[1]                     ; padio            ;
; |conversion_compas|cpt[2]                     ; |conversion_compas|cpt[2]                     ; padio            ;
; |conversion_compas|cpt[3]                     ; |conversion_compas|cpt[3]                     ; padio            ;
; |conversion_compas|cpt[4]                     ; |conversion_compas|cpt[4]                     ; padio            ;
; |conversion_compas|cpt[5]                     ; |conversion_compas|cpt[5]                     ; padio            ;
; |conversion_compas|cpt[6]                     ; |conversion_compas|cpt[6]                     ; padio            ;
; |conversion_compas|cpt[7]                     ; |conversion_compas|cpt[7]                     ; padio            ;
; |conversion_compas|etat_out[0]                ; |conversion_compas|etat_out[0]                ; padio            ;
; |conversion_compas|etat_out[1]                ; |conversion_compas|etat_out[1]                ; padio            ;
; |conversion_compas|data_cap[0]                ; |conversion_compas|data_cap[0]                ; padio            ;
; |conversion_compas|data_cap[1]                ; |conversion_compas|data_cap[1]                ; padio            ;
; |conversion_compas|data_cap[2]                ; |conversion_compas|data_cap[2]                ; padio            ;
; |conversion_compas|data_cap[3]                ; |conversion_compas|data_cap[3]                ; padio            ;
; |conversion_compas|data_cap[4]                ; |conversion_compas|data_cap[4]                ; padio            ;
; |conversion_compas|data_cap[5]                ; |conversion_compas|data_cap[5]                ; padio            ;
; |conversion_compas|data_cap[6]                ; |conversion_compas|data_cap[6]                ; padio            ;
; |conversion_compas|data_cap[7]                ; |conversion_compas|data_cap[7]                ; padio            ;
; |conversion_compas|data_cap[8]                ; |conversion_compas|data_cap[8]                ; padio            ;
; |conversion_compas|reset                      ; |conversion_compas|reset~corein               ; combout          ;
; |conversion_compas|etat_present.etat2~clkctrl ; |conversion_compas|etat_present.etat2~clkctrl ; outclk           ;
+-----------------------------------------------+-----------------------------------------------+------------------+


The following table displays output ports that do not toggle to 0 during simulation.
+------------------------------------------------------------------------------------------------------------------+
; Missing 0-Value Coverage                                                                                         ;
+-----------------------------------------------+-----------------------------------------------+------------------+
; Node Name                                     ; Output Port Name                              ; Output Port Type ;
+-----------------------------------------------+-----------------------------------------------+------------------+
; |conversion_compas|Add0~0                     ; |conversion_compas|Add0~0                     ; combout          ;
; |conversion_compas|Add0~0                     ; |conversion_compas|Add0~1                     ; cout             ;
; |conversion_compas|Add0~3                     ; |conversion_compas|Add0~3                     ; combout          ;
; |conversion_compas|Add0~3                     ; |conversion_compas|Add0~4                     ; cout             ;
; |conversion_compas|Add0~6                     ; |conversion_compas|Add0~6                     ; combout          ;
; |conversion_compas|Add0~6                     ; |conversion_compas|Add0~7                     ; cout             ;
; |conversion_compas|Add0~9                     ; |conversion_compas|Add0~9                     ; combout          ;
; |conversion_compas|Add0~9                     ; |conversion_compas|Add0~10                    ; cout             ;
; |conversion_compas|Add0~12                    ; |conversion_compas|Add0~12                    ; combout          ;
; |conversion_compas|Add0~12                    ; |conversion_compas|Add0~13                    ; cout             ;
; |conversion_compas|Add0~15                    ; |conversion_compas|Add0~15                    ; combout          ;
; |conversion_compas|Add0~15                    ; |conversion_compas|Add0~16                    ; cout             ;
; |conversion_compas|Add0~18                    ; |conversion_compas|Add0~18                    ; combout          ;
; |conversion_compas|Add0~18                    ; |conversion_compas|Add0~19                    ; cout             ;
; |conversion_compas|Add0~21                    ; |conversion_compas|Add0~21                    ; combout          ;
; |conversion_compas|etat_present.etat1         ; |conversion_compas|etat_present.etat1         ; regout           ;
; |conversion_compas|etat_present.etat2         ; |conversion_compas|etat_present.etat2         ; regout           ;
; |conversion_compas|Add0~2                     ; |conversion_compas|Add0~2                     ; combout          ;
; |conversion_compas|Add0~5                     ; |conversion_compas|Add0~5                     ; combout          ;
; |conversion_compas|Add0~8                     ; |conversion_compas|Add0~8                     ; combout          ;
; |conversion_compas|Add0~11                    ; |conversion_compas|Add0~11                    ; combout          ;
; |conversion_compas|Add0~14                    ; |conversion_compas|Add0~14                    ; combout          ;
; |conversion_compas|Add0~17                    ; |conversion_compas|Add0~17                    ; combout          ;
; |conversion_compas|Add0~20                    ; |conversion_compas|Add0~20                    ; combout          ;
; |conversion_compas|Add0~23                    ; |conversion_compas|Add0~23                    ; combout          ;
; |conversion_compas|Selector1~0                ; |conversion_compas|Selector1~0                ; combout          ;
; |conversion_compas|icpt[0]                    ; |conversion_compas|icpt[0]                    ; combout          ;
; |conversion_compas|icpt[1]                    ; |conversion_compas|icpt[1]                    ; combout          ;
; |conversion_compas|icpt[2]                    ; |conversion_compas|icpt[2]                    ; combout          ;
; |conversion_compas|icpt[3]                    ; |conversion_compas|icpt[3]                    ; combout          ;
; |conversion_compas|icpt[4]                    ; |conversion_compas|icpt[4]                    ; combout          ;
; |conversion_compas|icpt[5]                    ; |conversion_compas|icpt[5]                    ; combout          ;
; |conversion_compas|icpt[6]                    ; |conversion_compas|icpt[6]                    ; combout          ;
; |conversion_compas|icpt[7]                    ; |conversion_compas|icpt[7]                    ; combout          ;
; |conversion_compas|cpt[0]                     ; |conversion_compas|cpt[0]                     ; padio            ;
; |conversion_compas|cpt[1]                     ; |conversion_compas|cpt[1]                     ; padio            ;
; |conversion_compas|cpt[2]                     ; |conversion_compas|cpt[2]                     ; padio            ;
; |conversion_compas|cpt[3]                     ; |conversion_compas|cpt[3]                     ; padio            ;
; |conversion_compas|cpt[4]                     ; |conversion_compas|cpt[4]                     ; padio            ;
; |conversion_compas|cpt[5]                     ; |conversion_compas|cpt[5]                     ; padio            ;
; |conversion_compas|cpt[6]                     ; |conversion_compas|cpt[6]                     ; padio            ;
; |conversion_compas|cpt[7]                     ; |conversion_compas|cpt[7]                     ; padio            ;
; |conversion_compas|etat_out[0]                ; |conversion_compas|etat_out[0]                ; padio            ;
; |conversion_compas|etat_out[1]                ; |conversion_compas|etat_out[1]                ; padio            ;
; |conversion_compas|data_cap[0]                ; |conversion_compas|data_cap[0]                ; padio            ;
; |conversion_compas|data_cap[1]                ; |conversion_compas|data_cap[1]                ; padio            ;
; |conversion_compas|data_cap[2]                ; |conversion_compas|data_cap[2]                ; padio            ;
; |conversion_compas|data_cap[3]                ; |conversion_compas|data_cap[3]                ; padio            ;
; |conversion_compas|data_cap[4]                ; |conversion_compas|data_cap[4]                ; padio            ;
; |conversion_compas|data_cap[5]                ; |conversion_compas|data_cap[5]                ; padio            ;
; |conversion_compas|data_cap[6]                ; |conversion_compas|data_cap[6]                ; padio            ;
; |conversion_compas|data_cap[7]                ; |conversion_compas|data_cap[7]                ; padio            ;
; |conversion_compas|data_cap[8]                ; |conversion_compas|data_cap[8]                ; padio            ;
; |conversion_compas|reset                      ; |conversion_compas|reset~corein               ; combout          ;
; |conversion_compas|etat_present.etat2~clkctrl ; |conversion_compas|etat_present.etat2~clkctrl ; outclk           ;
+-----------------------------------------------+-----------------------------------------------+------------------+


+---------------------+
; Simulator INI Usage ;
+--------+------------+
; Option ; Usage      ;
+--------+------------+


+--------------------+
; Simulator Messages ;
+--------------------+
Info: *******************************************************************
Info: Running Quartus II Simulator
    Info: Version 9.1 Build 350 03/24/2010 Service Pack 2 SJ Web Edition
    Info: Processing started: Fri Jan 07 18:22:29 2022
Info: Command: quartus_sim --read_settings_files=on --write_settings_files=off conversion_compas -c conversion_compas
Info: Using vector source file "D:/M2 EEA SME/Boulfani_Boudounet/BE_VHDL_Boulfani_Boudounet/BE/Compas/conversion_compas/Q9/conversion_compas_simu.vwf"
Info: Overwriting simulation input file with simulation results
    Info: A backup of conversion_compas_simu.vwf called conversion_compas.sim_ori.vwf has been created in the db folder
Warning: Can't display state machine states -- register holding state machine bit "|conversion_compas|etat_present.etat0" was synthesized away
Info: Option to preserve fewer signal transitions to reduce memory requirements is enabled
    Info: Simulation has been partitioned into sub-simulations according to the maximum transition count determined by the engine. Transitions from memory will be flushed out to disk at the end of each sub-simulation to reduce memory requirements.
Info: Simulation partitioned into 1 sub-simulations
Info: Simulation coverage is       5.17 %
Info: Number of transitions in simulation is 597
Info: Vector file conversion_compas_simu.vwf is saved in VWF text format. You can compress it into CVWF format in order to reduce file size. For more details please refer to the Quartus II Help.
Info: Quartus II Simulator was successful. 0 errors, 1 warning
    Info: Peak virtual memory: 158 megabytes
    Info: Processing ended: Fri Jan 07 18:22:29 2022
    Info: Elapsed time: 00:00:00
    Info: Total CPU time (on all processors): 00:00:00


