Archive member included because of file (symbol)

../SOPC-fibal2_bsp/\libhal_bsp.a(alt_load.o)
                              ../SOPC-fibal2_bsp//obj/HAL/src/crt0.o (alt_load)
../SOPC-fibal2_bsp/\libhal_bsp.a(alt_main.o)
                              ../SOPC-fibal2_bsp//obj/HAL/src/crt0.o (alt_main)
../SOPC-fibal2_bsp/\libhal_bsp.a(alt_putstr.o)
                              obj/hello_world_small.o (alt_putstr)
../SOPC-fibal2_bsp/\libhal_bsp.a(alt_usleep.o)
                              obj/hello_world_small.o (usleep)
../SOPC-fibal2_bsp/\libhal_bsp.a(alt_sys_init.o)
                              ../SOPC-fibal2_bsp/\libhal_bsp.a(alt_main.o) (alt_sys_init)
../SOPC-fibal2_bsp/\libhal_bsp.a(altera_avalon_jtag_uart_write.o)
                              ../SOPC-fibal2_bsp/\libhal_bsp.a(alt_putstr.o) (altera_avalon_jtag_uart_write)
../SOPC-fibal2_bsp/\libhal_bsp.a(alt_busy_sleep.o)
                              ../SOPC-fibal2_bsp/\libhal_bsp.a(alt_usleep.o) (alt_busy_sleep)
../SOPC-fibal2_bsp/\libhal_bsp.a(alt_dcache_flush_all.o)
                              ../SOPC-fibal2_bsp/\libhal_bsp.a(alt_load.o) (alt_dcache_flush_all)
../SOPC-fibal2_bsp/\libhal_bsp.a(alt_icache_flush_all.o)
                              ../SOPC-fibal2_bsp/\libhal_bsp.a(alt_load.o) (alt_icache_flush_all)
../SOPC-fibal2_bsp/\libhal_bsp.a(altera_nios2_irq.o)
                              ../SOPC-fibal2_bsp/\libhal_bsp.a(alt_sys_init.o) (altera_nios2_irq_init)
c:/altera/11.0sp1/nios2eds/bin/gnu/h-i686-mingw32/bin/../lib/gcc/nios2-elf/4.1.2/../../../../nios2-elf/lib/mno-hw-mul\libsmallc.a(lib_a-strlen.o)
                              ../SOPC-fibal2_bsp/\libhal_bsp.a(alt_putstr.o) (strlen)
c:/altera/11.0sp1/nios2eds/bin/gnu/h-i686-mingw32/bin/../lib/gcc/nios2-elf/4.1.2/mno-hw-mul\libgcc.a(lib2-divmod.o)
                              ../SOPC-fibal2_bsp/\libhal_bsp.a(alt_busy_sleep.o) (__udivsi3)
c:/altera/11.0sp1/nios2eds/bin/gnu/h-i686-mingw32/bin/../lib/gcc/nios2-elf/4.1.2/mno-hw-mul\libgcc.a(lib2-mul.o)
                              ../SOPC-fibal2_bsp/\libhal_bsp.a(alt_busy_sleep.o) (__mulsi3)

Memory Configuration

Name             Origin             Length             Attributes
reset            0x00008000         0x00000020
onchip_memory2_0 0x00008020         0x00004fe0
*default*        0x00000000         0xffffffff

Linker script and memory map

LOAD ../SOPC-fibal2_bsp//obj/HAL/src/crt0.o
                0x0000800c                exit = _exit
LOAD obj/hello_world_small.o
LOAD c:/altera/11.0sp1/nios2eds/bin/gnu/h-i686-mingw32/bin/../lib/gcc/nios2-elf/4.1.2/../../../../nios2-elf/lib/mno-hw-mul\libstdc++.a
LOAD c:/altera/11.0sp1/nios2eds/bin/gnu/h-i686-mingw32/bin/../lib/gcc/nios2-elf/4.1.2/../../../../nios2-elf/lib/mno-hw-mul\libm.a
LOAD c:/altera/11.0sp1/nios2eds/bin/gnu/h-i686-mingw32/bin/../lib/gcc/nios2-elf/4.1.2/mno-hw-mul\libgcc.a
START GROUP
LOAD c:/altera/11.0sp1/nios2eds/bin/gnu/h-i686-mingw32/bin/../lib/gcc/nios2-elf/4.1.2/../../../../nios2-elf/lib/mno-hw-mul\libsmallc.a
LOAD c:/altera/11.0sp1/nios2eds/bin/gnu/h-i686-mingw32/bin/../lib/gcc/nios2-elf/4.1.2/mno-hw-mul\libgcc.a
LOAD ../SOPC-fibal2_bsp/\libhal_bsp.a
END GROUP
LOAD c:/altera/11.0sp1/nios2eds/bin/gnu/h-i686-mingw32/bin/../lib/gcc/nios2-elf/4.1.2/mno-hw-mul\libgcc.a
                0x00008000                __alt_mem_onchip_memory2_0 = 0x8000

.entry          0x00008000       0x20
 *(.entry)
 .entry         0x00008000       0x20 ../SOPC-fibal2_bsp//obj/HAL/src/crt0.o
                0x00008000                __reset
                0x0000800c                _exit

.exceptions     0x00008020        0x0
                0x00008020                PROVIDE (__ram_exceptions_start, ABSOLUTE (.))
                0x00008020                . = ALIGN (0x20)
 *(.irq)
 *(.exceptions.entry.label)
 *(.exceptions.entry.user)
 *(.exceptions.entry)
 *(.exceptions.irqtest.user)
 *(.exceptions.irqtest)
 *(.exceptions.irqhandler.user)
 *(.exceptions.irqhandler)
 *(.exceptions.irqreturn.user)
 *(.exceptions.irqreturn)
 *(.exceptions.notirq.label)
 *(.exceptions.notirq.user)
 *(.exceptions.notirq)
 *(.exceptions.soft.user)
 *(.exceptions.soft)
 *(.exceptions.unknown.user)
 *(.exceptions.unknown)
 *(.exceptions.exit.label)
 *(.exceptions.exit.user)
 *(.exceptions.exit)
 *(.exceptions)
                0x00008020                PROVIDE (__ram_exceptions_end, ABSOLUTE (.))
                0x00008020                PROVIDE (__flash_exceptions_start, LOADADDR (.exceptions))

.text           0x00008020      0x488
                0x00008020                PROVIDE (stext, ABSOLUTE (.))
 *(.interp)
 *(.hash)
 *(.dynsym)
 *(.dynstr)
 *(.gnu.version)
 *(.gnu.version_d)
 *(.gnu.version_r)
 *(.rel.init)
 *(.rela.init)
 *(.rel.text .rel.text.* .rel.gnu.linkonce.t.*)
 *(.rela.text .rela.text.* .rela.gnu.linkonce.t.*)
 *(.rel.fini)
 *(.rela.fini)
 *(.rel.rodata .rel.rodata.* .rel.gnu.linkonce.r.*)
 *(.rela.rodata .rela.rodata.* .rela.gnu.linkonce.r.*)
 *(.rel.data .rel.data.* .rel.gnu.linkonce.d.*)
 *(.rela.data .rela.data.* .rela.gnu.linkonce.d.*)
 *(.rel.tdata .rel.tdata.* .rel.gnu.linkonce.td.*)
 *(.rela.tdata .rela.tdata.* .rela.gnu.linkonce.td.*)
 *(.rel.tbss .rel.tbss.* .rel.gnu.linkonce.tb.*)
 *(.rela.tbss .rela.tbss.* .rela.gnu.linkonce.tb.*)
 *(.rel.ctors)
 *(.rela.ctors)
 *(.rel.dtors)
 *(.rela.dtors)
 *(.rel.got)
 *(.rela.got)
 *(.rel.sdata .rel.sdata.* .rel.gnu.linkonce.s.*)
 *(.rela.sdata .rela.sdata.* .rela.gnu.linkonce.s.*)
 *(.rel.sbss .rel.sbss.* .rel.gnu.linkonce.sb.*)
 *(.rela.sbss .rela.sbss.* .rela.gnu.linkonce.sb.*)
 *(.rel.sdata2 .rel.sdata2.* .rel.gnu.linkonce.s2.*)
 *(.rela.sdata2 .rela.sdata2.* .rela.gnu.linkonce.s2.*)
 *(.rel.sbss2 .rel.sbss2.* .rel.gnu.linkonce.sb2.*)
 *(.rela.sbss2 .rela.sbss2.* .rela.gnu.linkonce.sb2.*)
 *(.rel.bss .rel.bss.* .rel.gnu.linkonce.b.*)
 *(.rela.bss .rela.bss.* .rela.gnu.linkonce.b.*)
 *(.rel.plt)
 *(.rela.plt)
 *(.rel.dyn)
 *(.init)
 *(.plt)
 *(.text .stub .text.* .gnu.linkonce.t.*)
 .text          0x00008020       0x3c ../SOPC-fibal2_bsp//obj/HAL/src/crt0.o
                0x00008020                _start
 .text          0x0000805c       0xc0 obj/hello_world_small.o
                0x0000805c                main
 .text          0x0000811c       0x8c ../SOPC-fibal2_bsp/\libhal_bsp.a(alt_load.o)
                0x0000813c                alt_load
 .text          0x000081a8       0x2c ../SOPC-fibal2_bsp/\libhal_bsp.a(alt_main.o)
                0x000081a8                alt_main
 .text          0x000081d4       0x38 ../SOPC-fibal2_bsp/\libhal_bsp.a(alt_putstr.o)
                0x000081d4                alt_putstr
 .text          0x0000820c        0x4 ../SOPC-fibal2_bsp/\libhal_bsp.a(alt_usleep.o)
                0x0000820c                usleep
 .text          0x00008210       0x24 ../SOPC-fibal2_bsp/\libhal_bsp.a(alt_sys_init.o)
                0x00008210                alt_sys_init
                0x00008214                alt_irq_init
 .text          0x00008234       0x34 ../SOPC-fibal2_bsp/\libhal_bsp.a(altera_avalon_jtag_uart_write.o)
                0x00008234                altera_avalon_jtag_uart_write
 .text          0x00008268       0x8c ../SOPC-fibal2_bsp/\libhal_bsp.a(alt_busy_sleep.o)
                0x00008268                alt_busy_sleep
 .text          0x000082f4        0x4 ../SOPC-fibal2_bsp/\libhal_bsp.a(alt_dcache_flush_all.o)
                0x000082f4                alt_dcache_flush_all
 .text          0x000082f8        0x4 ../SOPC-fibal2_bsp/\libhal_bsp.a(alt_icache_flush_all.o)
                0x000082f8                alt_icache_flush_all
 .text          0x000082fc        0x8 ../SOPC-fibal2_bsp/\libhal_bsp.a(altera_nios2_irq.o)
                0x000082fc                altera_nios2_irq_init
 .text          0x00008304       0x20 c:/altera/11.0sp1/nios2eds/bin/gnu/h-i686-mingw32/bin/../lib/gcc/nios2-elf/4.1.2/../../../../nios2-elf/lib/mno-hw-mul\libsmallc.a(lib_a-strlen.o)
                0x00008304                strlen
 .text          0x00008324      0x14c c:/altera/11.0sp1/nios2eds/bin/gnu/h-i686-mingw32/bin/../lib/gcc/nios2-elf/4.1.2/mno-hw-mul\libgcc.a(lib2-divmod.o)
                0x000083a0                __divsi3
                0x00008400                __modsi3
                0x00008460                __udivsi3
                0x00008468                __umodsi3
 .text          0x00008470       0x38 c:/altera/11.0sp1/nios2eds/bin/gnu/h-i686-mingw32/bin/../lib/gcc/nios2-elf/4.1.2/mno-hw-mul\libgcc.a(lib2-mul.o)
                0x00008470                __mulsi3
 *(.gnu.warning.*)
 *(.fini)
                0x000084a8                PROVIDE (__etext, ABSOLUTE (.))
                0x000084a8                PROVIDE (_etext, ABSOLUTE (.))
                0x000084a8                PROVIDE (etext, ABSOLUTE (.))
 *(.eh_frame_hdr)
                0x000084a8                . = ALIGN (0x4)
                0x000084a8                PROVIDE (__preinit_array_start, ABSOLUTE (.))
 *(.preinit_array)
                0x000084a8                PROVIDE (__preinit_array_end, ABSOLUTE (.))
                0x000084a8                PROVIDE (__init_array_start, ABSOLUTE (.))
 *(.init_array)
                0x000084a8                PROVIDE (__init_array_end, ABSOLUTE (.))
                0x000084a8                PROVIDE (__fini_array_start, ABSOLUTE (.))
 *(.fini_array)
                0x000084a8                PROVIDE (__fini_array_end, ABSOLUTE (.))
 *(.eh_frame)
 *(.gcc_except_table)
 *(.dynamic)
                0x000084a8                PROVIDE (__CTOR_LIST__, ABSOLUTE (.))
 *(.ctors)
 *(SORT(.ctors.*))
                0x000084a8                PROVIDE (__CTOR_END__, ABSOLUTE (.))
                0x000084a8                PROVIDE (__DTOR_LIST__, ABSOLUTE (.))
 *(.dtors)
 *(SORT(.dtors.*))
                0x000084a8                PROVIDE (__DTOR_END__, ABSOLUTE (.))
 *(.jcr)
                0x000084a8                . = ALIGN (0x4)

.rodata         0x000084a8       0x44
                0x000084a8                PROVIDE (__ram_rodata_start, ABSOLUTE (.))
                0x000084a8                . = ALIGN (0x4)
 *(.rodata .rodata.* .gnu.linkonce.r.*)
 .rodata.str1.4
                0x000084a8       0x44 obj/hello_world_small.o
 *(.rodata1)
                0x000084ec                . = ALIGN (0x4)
                0x000084ec                PROVIDE (__ram_rodata_end, ABSOLUTE (.))
                0x000084a8                PROVIDE (__flash_rodata_start, LOADADDR (.rodata))

.rwdata         0x000084ec        0xc load address 0x000084f8
                0x000084ec                PROVIDE (__ram_rwdata_start, ABSOLUTE (.))
                0x000084ec                . = ALIGN (0x4)
 *(.got.plt)
 *(.got)
 *(.data1)
 *(.data .data.* .gnu.linkonce.d.*)
 .data          0x000084ec        0x0 ../SOPC-fibal2_bsp//obj/HAL/src/crt0.o
 .data          0x000084ec        0x0 obj/hello_world_small.o
 .data          0x000084ec        0x0 ../SOPC-fibal2_bsp/\libhal_bsp.a(alt_load.o)
 .data          0x000084ec        0x0 ../SOPC-fibal2_bsp/\libhal_bsp.a(alt_main.o)
 .data          0x000084ec        0x0 ../SOPC-fibal2_bsp/\libhal_bsp.a(alt_putstr.o)
 .data          0x000084ec        0x0 ../SOPC-fibal2_bsp/\libhal_bsp.a(alt_usleep.o)
 .data          0x000084ec        0x0 ../SOPC-fibal2_bsp/\libhal_bsp.a(alt_sys_init.o)
 .data          0x000084ec        0x0 ../SOPC-fibal2_bsp/\libhal_bsp.a(altera_avalon_jtag_uart_write.o)
 .data          0x000084ec        0x0 ../SOPC-fibal2_bsp/\libhal_bsp.a(alt_busy_sleep.o)
 .data          0x000084ec        0x0 ../SOPC-fibal2_bsp/\libhal_bsp.a(alt_dcache_flush_all.o)
 .data          0x000084ec        0x0 ../SOPC-fibal2_bsp/\libhal_bsp.a(alt_icache_flush_all.o)
 .data          0x000084ec        0x0 ../SOPC-fibal2_bsp/\libhal_bsp.a(altera_nios2_irq.o)
 .data          0x000084ec        0x0 c:/altera/11.0sp1/nios2eds/bin/gnu/h-i686-mingw32/bin/../lib/gcc/nios2-elf/4.1.2/../../../../nios2-elf/lib/mno-hw-mul\libsmallc.a(lib_a-strlen.o)
 .data          0x000084ec        0x0 c:/altera/11.0sp1/nios2eds/bin/gnu/h-i686-mingw32/bin/../lib/gcc/nios2-elf/4.1.2/mno-hw-mul\libgcc.a(lib2-divmod.o)
 .data          0x000084ec        0x0 c:/altera/11.0sp1/nios2eds/bin/gnu/h-i686-mingw32/bin/../lib/gcc/nios2-elf/4.1.2/mno-hw-mul\libgcc.a(lib2-mul.o)
                0x000104ec                _gp = ABSOLUTE ((. + 0x8000))
                0x000104ec                PROVIDE (gp, _gp)
 *(.rwdata .rwdata.*)
 *(.sdata .sdata.* .gnu.linkonce.s.*)
 .sdata         0x000084ec        0x8 obj/hello_world_small.o
                0x000084ec                switchs
                0x000084f0                leds
 .sdata         0x000084f4        0x4 ../SOPC-fibal2_bsp/\libhal_bsp.a(alt_sys_init.o)
                0x000084f4                jtag_uart_0
 *(.sdata2 .sdata2.* .gnu.linkonce.s2.*)
                0x000084f8                . = ALIGN (0x4)
                0x000084f8                _edata = ABSOLUTE (.)
                0x000084f8                PROVIDE (edata, ABSOLUTE (.))
                0x000084f8                PROVIDE (__ram_rwdata_end, ABSOLUTE (.))
                0x000084f8                PROVIDE (__flash_rwdata_start, LOADADDR (.rwdata))

.bss            0x00008504        0xc
                0x00008504                __bss_start = ABSOLUTE (.)
                0x00008504                PROVIDE (__sbss_start, ABSOLUTE (.))
                0x00008504                PROVIDE (___sbss_start, ABSOLUTE (.))
 *(.dynsbss)
 *(.sbss .sbss.* .gnu.linkonce.sb.*)
 .sbss          0x00008504        0xc ../SOPC-fibal2_bsp/\libhal_bsp.a(alt_main.o)
                0x00008504                alt_argc
                0x00008508                alt_argv
                0x0000850c                alt_envp
 *(.sbss2 .sbss2.* .gnu.linkonce.sb2.*)
 *(.scommon)
                0x00008510                PROVIDE (__sbss_end, ABSOLUTE (.))
                0x00008510                PROVIDE (___sbss_end, ABSOLUTE (.))
 *(.dynbss)
 *(.bss .bss.* .gnu.linkonce.b.*)
 .bss           0x00008510        0x0 ../SOPC-fibal2_bsp//obj/HAL/src/crt0.o
 .bss           0x00008510        0x0 obj/hello_world_small.o
 .bss           0x00008510        0x0 ../SOPC-fibal2_bsp/\libhal_bsp.a(alt_load.o)
 .bss           0x00008510        0x0 ../SOPC-fibal2_bsp/\libhal_bsp.a(alt_main.o)
 .bss           0x00008510        0x0 ../SOPC-fibal2_bsp/\libhal_bsp.a(alt_putstr.o)
 .bss           0x00008510        0x0 ../SOPC-fibal2_bsp/\libhal_bsp.a(alt_usleep.o)
 .bss           0x00008510        0x0 ../SOPC-fibal2_bsp/\libhal_bsp.a(alt_sys_init.o)
 .bss           0x00008510        0x0 ../SOPC-fibal2_bsp/\libhal_bsp.a(altera_avalon_jtag_uart_write.o)
 .bss           0x00008510        0x0 ../SOPC-fibal2_bsp/\libhal_bsp.a(alt_busy_sleep.o)
 .bss           0x00008510        0x0 ../SOPC-fibal2_bsp/\libhal_bsp.a(alt_dcache_flush_all.o)
 .bss           0x00008510        0x0 ../SOPC-fibal2_bsp/\libhal_bsp.a(alt_icache_flush_all.o)
 .bss           0x00008510        0x0 ../SOPC-fibal2_bsp/\libhal_bsp.a(altera_nios2_irq.o)
 .bss           0x00008510        0x0 c:/altera/11.0sp1/nios2eds/bin/gnu/h-i686-mingw32/bin/../lib/gcc/nios2-elf/4.1.2/../../../../nios2-elf/lib/mno-hw-mul\libsmallc.a(lib_a-strlen.o)
 .bss           0x00008510        0x0 c:/altera/11.0sp1/nios2eds/bin/gnu/h-i686-mingw32/bin/../lib/gcc/nios2-elf/4.1.2/mno-hw-mul\libgcc.a(lib2-divmod.o)
 .bss           0x00008510        0x0 c:/altera/11.0sp1/nios2eds/bin/gnu/h-i686-mingw32/bin/../lib/gcc/nios2-elf/4.1.2/mno-hw-mul\libgcc.a(lib2-mul.o)
 *(COMMON)
                0x00008510                . = ALIGN (0x4)
                0x00008510                __bss_end = ABSOLUTE (.)

.onchip_memory2_0
                0x00008510        0x0
                0x00008510                PROVIDE (_alt_partition_onchip_memory2_0_start, ABSOLUTE (.))
 *(.onchip_memory2_0. onchip_memory2_0.*)
                0x00008510                . = ALIGN (0x4)
                0x00008510                PROVIDE (_alt_partition_onchip_memory2_0_end, ABSOLUTE (.))
                0x00008510                _end = ABSOLUTE (.)
                0x00008510                end = ABSOLUTE (.)
                0x00008510                __alt_stack_base = ABSOLUTE (.)
                0x00008510                PROVIDE (_alt_partition_onchip_memory2_0_load_addr, LOADADDR (.onchip_memory2_0))

.stab
 *(.stab)

.stabstr
 *(.stabstr)

.stab.excl
 *(.stab.excl)

.stab.exclstr
 *(.stab.exclstr)

.stab.index
 *(.stab.index)

.stab.indexstr
 *(.stab.indexstr)

.comment        0x00000000       0x26
 *(.comment)
 .comment       0x00000000       0x26 obj/hello_world_small.o
                                 0x27 (size before relaxing)
 .comment       0x00000000       0x27 ../SOPC-fibal2_bsp/\libhal_bsp.a(alt_load.o)
 .comment       0x00000000       0x27 ../SOPC-fibal2_bsp/\libhal_bsp.a(alt_main.o)
 .comment       0x00000000       0x27 ../SOPC-fibal2_bsp/\libhal_bsp.a(alt_putstr.o)
 .comment       0x00000000       0x27 ../SOPC-fibal2_bsp/\libhal_bsp.a(alt_usleep.o)
 .comment       0x00000000       0x27 ../SOPC-fibal2_bsp/\libhal_bsp.a(alt_sys_init.o)
 .comment       0x00000000       0x27 ../SOPC-fibal2_bsp/\libhal_bsp.a(altera_avalon_jtag_uart_write.o)
 .comment       0x00000000       0x27 ../SOPC-fibal2_bsp/\libhal_bsp.a(alt_busy_sleep.o)
 .comment       0x00000000       0x27 ../SOPC-fibal2_bsp/\libhal_bsp.a(alt_dcache_flush_all.o)
 .comment       0x00000000       0x27 ../SOPC-fibal2_bsp/\libhal_bsp.a(alt_icache_flush_all.o)
 .comment       0x00000000       0x27 ../SOPC-fibal2_bsp/\libhal_bsp.a(altera_nios2_irq.o)
 .comment       0x00000000       0x27 c:/altera/11.0sp1/nios2eds/bin/gnu/h-i686-mingw32/bin/../lib/gcc/nios2-elf/4.1.2/../../../../nios2-elf/lib/mno-hw-mul\libsmallc.a(lib_a-strlen.o)
 .comment       0x00000000       0x27 c:/altera/11.0sp1/nios2eds/bin/gnu/h-i686-mingw32/bin/../lib/gcc/nios2-elf/4.1.2/mno-hw-mul\libgcc.a(lib2-divmod.o)
 .comment       0x00000000       0x27 c:/altera/11.0sp1/nios2eds/bin/gnu/h-i686-mingw32/bin/../lib/gcc/nios2-elf/4.1.2/mno-hw-mul\libgcc.a(lib2-mul.o)

.debug
 *(.debug)

.line
 *(.line)

.debug_srcinfo
 *(.debug_srcinfo)

.debug_sfnames
 *(.debug_sfnames)

.debug_aranges  0x00000000      0x1e8
 *(.debug_aranges)
 .debug_aranges
                0x00000000       0x28 ../SOPC-fibal2_bsp//obj/HAL/src/crt0.o
 .debug_aranges
                0x00000028       0x20 obj/hello_world_small.o
 .debug_aranges
                0x00000048       0x20 ../SOPC-fibal2_bsp/\libhal_bsp.a(alt_load.o)
 .debug_aranges
                0x00000068       0x20 ../SOPC-fibal2_bsp/\libhal_bsp.a(alt_main.o)
 .debug_aranges
                0x00000088       0x20 ../SOPC-fibal2_bsp/\libhal_bsp.a(alt_putstr.o)
 .debug_aranges
                0x000000a8       0x20 ../SOPC-fibal2_bsp/\libhal_bsp.a(alt_usleep.o)
 .debug_aranges
                0x000000c8       0x20 ../SOPC-fibal2_bsp/\libhal_bsp.a(alt_sys_init.o)
 .debug_aranges
                0x000000e8       0x20 ../SOPC-fibal2_bsp/\libhal_bsp.a(altera_avalon_jtag_uart_write.o)
 .debug_aranges
                0x00000108       0x20 ../SOPC-fibal2_bsp/\libhal_bsp.a(alt_busy_sleep.o)
 .debug_aranges
                0x00000128       0x20 ../SOPC-fibal2_bsp/\libhal_bsp.a(alt_dcache_flush_all.o)
 .debug_aranges
                0x00000148       0x20 ../SOPC-fibal2_bsp/\libhal_bsp.a(alt_icache_flush_all.o)
 .debug_aranges
                0x00000168       0x20 ../SOPC-fibal2_bsp/\libhal_bsp.a(altera_nios2_irq.o)
 .debug_aranges
                0x00000188       0x20 c:/altera/11.0sp1/nios2eds/bin/gnu/h-i686-mingw32/bin/../lib/gcc/nios2-elf/4.1.2/../../../../nios2-elf/lib/mno-hw-mul\libsmallc.a(lib_a-strlen.o)
 .debug_aranges
                0x000001a8       0x20 c:/altera/11.0sp1/nios2eds/bin/gnu/h-i686-mingw32/bin/../lib/gcc/nios2-elf/4.1.2/mno-hw-mul\libgcc.a(lib2-divmod.o)
 .debug_aranges
                0x000001c8       0x20 c:/altera/11.0sp1/nios2eds/bin/gnu/h-i686-mingw32/bin/../lib/gcc/nios2-elf/4.1.2/mno-hw-mul\libgcc.a(lib2-mul.o)

.debug_pubnames
                0x00000000      0x276
 *(.debug_pubnames)
 .debug_pubnames
                0x00000000       0x30 obj/hello_world_small.o
 .debug_pubnames
                0x00000030       0x1f ../SOPC-fibal2_bsp/\libhal_bsp.a(alt_load.o)
 .debug_pubnames
                0x0000004f       0x46 ../SOPC-fibal2_bsp/\libhal_bsp.a(alt_main.o)
 .debug_pubnames
                0x00000095       0x21 ../SOPC-fibal2_bsp/\libhal_bsp.a(alt_putstr.o)
 .debug_pubnames
                0x000000b6       0x1d ../SOPC-fibal2_bsp/\libhal_bsp.a(alt_usleep.o)
 .debug_pubnames
                0x000000d3       0x44 ../SOPC-fibal2_bsp/\libhal_bsp.a(alt_sys_init.o)
 .debug_pubnames
                0x00000117       0x34 ../SOPC-fibal2_bsp/\libhal_bsp.a(altera_avalon_jtag_uart_write.o)
 .debug_pubnames
                0x0000014b       0x25 ../SOPC-fibal2_bsp/\libhal_bsp.a(alt_busy_sleep.o)
 .debug_pubnames
                0x00000170       0x2b ../SOPC-fibal2_bsp/\libhal_bsp.a(alt_dcache_flush_all.o)
 .debug_pubnames
                0x0000019b       0x2b ../SOPC-fibal2_bsp/\libhal_bsp.a(alt_icache_flush_all.o)
 .debug_pubnames
                0x000001c6       0x2c ../SOPC-fibal2_bsp/\libhal_bsp.a(altera_nios2_irq.o)
 .debug_pubnames
                0x000001f2       0x1d c:/altera/11.0sp1/nios2eds/bin/gnu/h-i686-mingw32/bin/../lib/gcc/nios2-elf/4.1.2/../../../../nios2-elf/lib/mno-hw-mul\libsmallc.a(lib_a-strlen.o)
 .debug_pubnames
                0x0000020f       0x48 c:/altera/11.0sp1/nios2eds/bin/gnu/h-i686-mingw32/bin/../lib/gcc/nios2-elf/4.1.2/mno-hw-mul\libgcc.a(lib2-divmod.o)
 .debug_pubnames
                0x00000257       0x1f c:/altera/11.0sp1/nios2eds/bin/gnu/h-i686-mingw32/bin/../lib/gcc/nios2-elf/4.1.2/mno-hw-mul\libgcc.a(lib2-mul.o)

.debug_info     0x00000000      0xe77
 *(.debug_info .gnu.linkonce.wi.*)
 .debug_info    0x00000000       0x99 ../SOPC-fibal2_bsp//obj/HAL/src/crt0.o
 .debug_info    0x00000099       0xc7 obj/hello_world_small.o
 .debug_info    0x00000160      0x12e ../SOPC-fibal2_bsp/\libhal_bsp.a(alt_load.o)
 .debug_info    0x0000028e      0x125 ../SOPC-fibal2_bsp/\libhal_bsp.a(alt_main.o)
 .debug_info    0x000003b3       0xc5 ../SOPC-fibal2_bsp/\libhal_bsp.a(alt_putstr.o)
 .debug_info    0x00000478       0xab ../SOPC-fibal2_bsp/\libhal_bsp.a(alt_usleep.o)
 .debug_info    0x00000523      0x17d ../SOPC-fibal2_bsp/\libhal_bsp.a(alt_sys_init.o)
 .debug_info    0x000006a0      0x18f ../SOPC-fibal2_bsp/\libhal_bsp.a(altera_avalon_jtag_uart_write.o)
 .debug_info    0x0000082f       0xd0 ../SOPC-fibal2_bsp/\libhal_bsp.a(alt_busy_sleep.o)
 .debug_info    0x000008ff       0x8d ../SOPC-fibal2_bsp/\libhal_bsp.a(alt_dcache_flush_all.o)
 .debug_info    0x0000098c       0x8d ../SOPC-fibal2_bsp/\libhal_bsp.a(alt_icache_flush_all.o)
 .debug_info    0x00000a19       0x8d ../SOPC-fibal2_bsp/\libhal_bsp.a(altera_nios2_irq.o)
 .debug_info    0x00000aa6       0xc2 c:/altera/11.0sp1/nios2eds/bin/gnu/h-i686-mingw32/bin/../lib/gcc/nios2-elf/4.1.2/../../../../nios2-elf/lib/mno-hw-mul\libsmallc.a(lib_a-strlen.o)
 .debug_info    0x00000b68      0x21c c:/altera/11.0sp1/nios2eds/bin/gnu/h-i686-mingw32/bin/../lib/gcc/nios2-elf/4.1.2/mno-hw-mul\libgcc.a(lib2-divmod.o)
 .debug_info    0x00000d84       0xf3 c:/altera/11.0sp1/nios2eds/bin/gnu/h-i686-mingw32/bin/../lib/gcc/nios2-elf/4.1.2/mno-hw-mul\libgcc.a(lib2-mul.o)

.debug_abbrev   0x00000000      0x766
 *(.debug_abbrev)
 .debug_abbrev  0x00000000       0x12 ../SOPC-fibal2_bsp//obj/HAL/src/crt0.o
 .debug_abbrev  0x00000012       0x60 obj/hello_world_small.o
 .debug_abbrev  0x00000072       0x97 ../SOPC-fibal2_bsp/\libhal_bsp.a(alt_load.o)
 .debug_abbrev  0x00000109       0xa6 ../SOPC-fibal2_bsp/\libhal_bsp.a(alt_main.o)
 .debug_abbrev  0x000001af       0x7c ../SOPC-fibal2_bsp/\libhal_bsp.a(alt_putstr.o)
 .debug_abbrev  0x0000022b       0x5d ../SOPC-fibal2_bsp/\libhal_bsp.a(alt_usleep.o)
 .debug_abbrev  0x00000288       0xe3 ../SOPC-fibal2_bsp/\libhal_bsp.a(alt_sys_init.o)
 .debug_abbrev  0x0000036b       0xf0 ../SOPC-fibal2_bsp/\libhal_bsp.a(altera_avalon_jtag_uart_write.o)
 .debug_abbrev  0x0000045b       0x79 ../SOPC-fibal2_bsp/\libhal_bsp.a(alt_busy_sleep.o)
 .debug_abbrev  0x000004d4       0x3f ../SOPC-fibal2_bsp/\libhal_bsp.a(alt_dcache_flush_all.o)
 .debug_abbrev  0x00000513       0x3f ../SOPC-fibal2_bsp/\libhal_bsp.a(alt_icache_flush_all.o)
 .debug_abbrev  0x00000552       0x3f ../SOPC-fibal2_bsp/\libhal_bsp.a(altera_nios2_irq.o)
 .debug_abbrev  0x00000591       0x7a c:/altera/11.0sp1/nios2eds/bin/gnu/h-i686-mingw32/bin/../lib/gcc/nios2-elf/4.1.2/../../../../nios2-elf/lib/mno-hw-mul\libsmallc.a(lib_a-strlen.o)
 .debug_abbrev  0x0000060b       0xe0 c:/altera/11.0sp1/nios2eds/bin/gnu/h-i686-mingw32/bin/../lib/gcc/nios2-elf/4.1.2/mno-hw-mul\libgcc.a(lib2-divmod.o)
 .debug_abbrev  0x000006eb       0x7b c:/altera/11.0sp1/nios2eds/bin/gnu/h-i686-mingw32/bin/../lib/gcc/nios2-elf/4.1.2/mno-hw-mul\libgcc.a(lib2-mul.o)

.debug_line     0x00000000     0x1df2
 *(.debug_line)
 .debug_line    0x00000000       0x66 ../SOPC-fibal2_bsp//obj/HAL/src/crt0.o
 .debug_line    0x00000066      0x214 obj/hello_world_small.o
 .debug_line    0x0000027a      0x217 ../SOPC-fibal2_bsp/\libhal_bsp.a(alt_load.o)
 .debug_line    0x00000491      0x2c2 ../SOPC-fibal2_bsp/\libhal_bsp.a(alt_main.o)
 .debug_line    0x00000753      0x1d9 ../SOPC-fibal2_bsp/\libhal_bsp.a(alt_putstr.o)
 .debug_line    0x0000092c      0x202 ../SOPC-fibal2_bsp/\libhal_bsp.a(alt_usleep.o)
 .debug_line    0x00000b2e      0x286 ../SOPC-fibal2_bsp/\libhal_bsp.a(alt_sys_init.o)
 .debug_line    0x00000db4      0x2f4 ../SOPC-fibal2_bsp/\libhal_bsp.a(altera_avalon_jtag_uart_write.o)
 .debug_line    0x000010a8      0x25e ../SOPC-fibal2_bsp/\libhal_bsp.a(alt_busy_sleep.o)
 .debug_line    0x00001306      0x1b5 ../SOPC-fibal2_bsp/\libhal_bsp.a(alt_dcache_flush_all.o)
 .debug_line    0x000014bb      0x1b5 ../SOPC-fibal2_bsp/\libhal_bsp.a(alt_icache_flush_all.o)
 .debug_line    0x00001670      0x1c9 ../SOPC-fibal2_bsp/\libhal_bsp.a(altera_nios2_irq.o)
 .debug_line    0x00001839      0x250 c:/altera/11.0sp1/nios2eds/bin/gnu/h-i686-mingw32/bin/../lib/gcc/nios2-elf/4.1.2/../../../../nios2-elf/lib/mno-hw-mul\libsmallc.a(lib_a-strlen.o)
 .debug_line    0x00001a89      0x24f c:/altera/11.0sp1/nios2eds/bin/gnu/h-i686-mingw32/bin/../lib/gcc/nios2-elf/4.1.2/mno-hw-mul\libgcc.a(lib2-divmod.o)
 .debug_line    0x00001cd8      0x11a c:/altera/11.0sp1/nios2eds/bin/gnu/h-i686-mingw32/bin/../lib/gcc/nios2-elf/4.1.2/mno-hw-mul\libgcc.a(lib2-mul.o)

.debug_frame    0x00000000      0x260
 *(.debug_frame)
 .debug_frame   0x00000000       0x28 obj/hello_world_small.o
 .debug_frame   0x00000028       0x38 ../SOPC-fibal2_bsp/\libhal_bsp.a(alt_load.o)
 .debug_frame   0x00000060       0x28 ../SOPC-fibal2_bsp/\libhal_bsp.a(alt_main.o)
 .debug_frame   0x00000088       0x28 ../SOPC-fibal2_bsp/\libhal_bsp.a(alt_putstr.o)
 .debug_frame   0x000000b0       0x20 ../SOPC-fibal2_bsp/\libhal_bsp.a(alt_usleep.o)
 .debug_frame   0x000000d0       0x38 ../SOPC-fibal2_bsp/\libhal_bsp.a(alt_sys_init.o)
 .debug_frame   0x00000108       0x20 ../SOPC-fibal2_bsp/\libhal_bsp.a(altera_avalon_jtag_uart_write.o)
 .debug_frame   0x00000128       0x28 ../SOPC-fibal2_bsp/\libhal_bsp.a(alt_busy_sleep.o)
 .debug_frame   0x00000150       0x20 ../SOPC-fibal2_bsp/\libhal_bsp.a(alt_dcache_flush_all.o)
 .debug_frame   0x00000170       0x20 ../SOPC-fibal2_bsp/\libhal_bsp.a(alt_icache_flush_all.o)
 .debug_frame   0x00000190       0x20 ../SOPC-fibal2_bsp/\libhal_bsp.a(altera_nios2_irq.o)
 .debug_frame   0x000001b0       0x20 c:/altera/11.0sp1/nios2eds/bin/gnu/h-i686-mingw32/bin/../lib/gcc/nios2-elf/4.1.2/../../../../nios2-elf/lib/mno-hw-mul\libsmallc.a(lib_a-strlen.o)
 .debug_frame   0x000001d0       0x70 c:/altera/11.0sp1/nios2eds/bin/gnu/h-i686-mingw32/bin/../lib/gcc/nios2-elf/4.1.2/mno-hw-mul\libgcc.a(lib2-divmod.o)
 .debug_frame   0x00000240       0x20 c:/altera/11.0sp1/nios2eds/bin/gnu/h-i686-mingw32/bin/../lib/gcc/nios2-elf/4.1.2/mno-hw-mul\libgcc.a(lib2-mul.o)

.debug_str      0x00000000      0x703
 *(.debug_str)
 .debug_str     0x00000000       0xe1 obj/hello_world_small.o
                                0x11f (size before relaxing)
 .debug_str     0x000000e1      0x159 ../SOPC-fibal2_bsp/\libhal_bsp.a(alt_load.o)
                                0x1ee (size before relaxing)
 .debug_str     0x0000023a       0x75 ../SOPC-fibal2_bsp/\libhal_bsp.a(alt_main.o)
                                0x172 (size before relaxing)
 .debug_str     0x000002af       0x4c ../SOPC-fibal2_bsp/\libhal_bsp.a(alt_putstr.o)
                                0x149 (size before relaxing)
 .debug_str     0x000002fb       0x27 ../SOPC-fibal2_bsp/\libhal_bsp.a(alt_usleep.o)
                                0x124 (size before relaxing)
 .debug_str     0x00000322       0x85 ../SOPC-fibal2_bsp/\libhal_bsp.a(alt_sys_init.o)
                                0x1e7 (size before relaxing)
 .debug_str     0x000003a7       0x56 ../SOPC-fibal2_bsp/\libhal_bsp.a(altera_avalon_jtag_uart_write.o)
                                0x1ea (size before relaxing)
 .debug_str     0x000003fd       0x42 ../SOPC-fibal2_bsp/\libhal_bsp.a(alt_busy_sleep.o)
                                0x147 (size before relaxing)
 .debug_str     0x0000043f       0x34 ../SOPC-fibal2_bsp/\libhal_bsp.a(alt_dcache_flush_all.o)
                                0x131 (size before relaxing)
 .debug_str     0x00000473       0x34 ../SOPC-fibal2_bsp/\libhal_bsp.a(alt_icache_flush_all.o)
                                0x131 (size before relaxing)
 .debug_str     0x000004a7       0x31 ../SOPC-fibal2_bsp/\libhal_bsp.a(altera_nios2_irq.o)
                                0x12e (size before relaxing)
 .debug_str     0x000004d8       0xe9 c:/altera/11.0sp1/nios2eds/bin/gnu/h-i686-mingw32/bin/../lib/gcc/nios2-elf/4.1.2/../../../../nios2-elf/lib/mno-hw-mul\libsmallc.a(lib_a-strlen.o)
                                0x184 (size before relaxing)
 .debug_str     0x000005c1      0x10b c:/altera/11.0sp1/nios2eds/bin/gnu/h-i686-mingw32/bin/../lib/gcc/nios2-elf/4.1.2/mno-hw-mul\libgcc.a(lib2-divmod.o)
                                0x1b4 (size before relaxing)
 .debug_str     0x000006cc       0x37 c:/altera/11.0sp1/nios2eds/bin/gnu/h-i686-mingw32/bin/../lib/gcc/nios2-elf/4.1.2/mno-hw-mul\libgcc.a(lib2-mul.o)
                                0x175 (size before relaxing)

.debug_loc      0x00000000      0x39f
 *(.debug_loc)
 .debug_loc     0x00000000       0x1f obj/hello_world_small.o
 .debug_loc     0x0000001f       0x1f ../SOPC-fibal2_bsp/\libhal_bsp.a(alt_load.o)
 .debug_loc     0x0000003e       0x1f ../SOPC-fibal2_bsp/\libhal_bsp.a(alt_main.o)
 .debug_loc     0x0000005d       0x48 ../SOPC-fibal2_bsp/\libhal_bsp.a(alt_putstr.o)
 .debug_loc     0x000000a5       0x13 ../SOPC-fibal2_bsp/\libhal_bsp.a(alt_usleep.o)
 .debug_loc     0x000000b8       0x32 ../SOPC-fibal2_bsp/\libhal_bsp.a(alt_sys_init.o)
 .debug_loc     0x000000ea       0x26 ../SOPC-fibal2_bsp/\libhal_bsp.a(altera_avalon_jtag_uart_write.o)
 .debug_loc     0x00000110       0x50 ../SOPC-fibal2_bsp/\libhal_bsp.a(alt_busy_sleep.o)
 .debug_loc     0x00000160       0x1e c:/altera/11.0sp1/nios2eds/bin/gnu/h-i686-mingw32/bin/../lib/gcc/nios2-elf/4.1.2/../../../../nios2-elf/lib/mno-hw-mul\libsmallc.a(lib_a-strlen.o)
 .debug_loc     0x0000017e      0x1d2 c:/altera/11.0sp1/nios2eds/bin/gnu/h-i686-mingw32/bin/../lib/gcc/nios2-elf/4.1.2/mno-hw-mul\libgcc.a(lib2-divmod.o)
 .debug_loc     0x00000350       0x4f c:/altera/11.0sp1/nios2eds/bin/gnu/h-i686-mingw32/bin/../lib/gcc/nios2-elf/4.1.2/mno-hw-mul\libgcc.a(lib2-mul.o)

.debug_macinfo
 *(.debug_macinfo)

.debug_weaknames
 *(.debug_weaknames)

.debug_funcnames
 *(.debug_funcnames)

.debug_typenames
 *(.debug_typenames)

.debug_varnames
 *(.debug_varnames)

.debug_alt_sim_info
                0x00000000       0x40
 *(.debug_alt_sim_info)
 .debug_alt_sim_info
                0x00000000       0x10 ../SOPC-fibal2_bsp//obj/HAL/src/crt0.o
 .debug_alt_sim_info
                0x00000010       0x30 ../SOPC-fibal2_bsp/\libhal_bsp.a(alt_busy_sleep.o)
                0x0000d000                __alt_data_end = 0xd000
                0x0000d000                PROVIDE (__alt_stack_pointer, __alt_data_end)
                0x00008510                PROVIDE (__alt_stack_limit, __alt_stack_base)
                0x00008510                PROVIDE (__alt_heap_start, end)
                0x0000d000                PROVIDE (__alt_heap_limit, 0xd000)
OUTPUT(SOPC-fibal2.elf elf32-littlenios2)

.debug_ranges   0x00000000       0x20
 .debug_ranges  0x00000000       0x20 ../SOPC-fibal2_bsp//obj/HAL/src/crt0.o
